Archive member included because of file (symbol)

/usr/local/lib/gcc/avr/4.4.5/../../../../avr/lib/avr25/libprintf_min.a(vfprintf_min.o)
                              (vfprintf)
/usr/local/lib/gcc/avr/4.4.5/avr25/libgcc.a(_mulhi3.o)
                              _BUILD/main.o (__mulhi3)
/usr/local/lib/gcc/avr/4.4.5/avr25/libgcc.a(_udivmodhi4.o)
                              _BUILD/main.o (__udivmodhi4)
/usr/local/lib/gcc/avr/4.4.5/avr25/libgcc.a(_divmodhi4.o)
                              _BUILD/_commonCode_localized/sineTable/0.99/sineTable.o (__divmodhi4)
/usr/local/lib/gcc/avr/4.4.5/avr25/libgcc.a(_prologue.o)
                              /usr/local/lib/gcc/avr/4.4.5/../../../../avr/lib/avr25/libprintf_min.a(vfprintf_min.o) (__prologue_saves__)
/usr/local/lib/gcc/avr/4.4.5/avr25/libgcc.a(_epilogue.o)
                              /usr/local/lib/gcc/avr/4.4.5/../../../../avr/lib/avr25/libprintf_min.a(vfprintf_min.o) (__epilogue_restores__)
/usr/local/lib/gcc/avr/4.4.5/avr25/libgcc.a(_exit.o)
                              /usr/local/lib/gcc/avr/4.4.5/../../../../avr/lib/avr25/crttn861.o (exit)
/usr/local/lib/gcc/avr/4.4.5/avr25/libgcc.a(_copy_data.o)
                              _BUILD/_commonCode_localized/adc/0.20/adc.o (__do_copy_data)
/usr/local/lib/gcc/avr/4.4.5/avr25/libgcc.a(_clear_bss.o)
                              _BUILD/_commonCode_localized/adc/0.20/adc.o (__do_clear_bss)
/usr/local/lib/gcc/avr/4.4.5/../../../../avr/lib/avr25/libc.a(strchr_P.o)
                              /usr/local/lib/gcc/avr/4.4.5/../../../../avr/lib/avr25/libprintf_min.a(vfprintf_min.o) (strchr_P)
/usr/local/lib/gcc/avr/4.4.5/../../../../avr/lib/avr25/libc.a(strlen_P.o)
                              _BUILD/main.o (strlen_P)
/usr/local/lib/gcc/avr/4.4.5/../../../../avr/lib/avr25/libc.a(strncpy_P.o)
                              _BUILD/main.o (strncpy_P)
/usr/local/lib/gcc/avr/4.4.5/../../../../avr/lib/avr25/libc.a(fputc.o)
                              /usr/local/lib/gcc/avr/4.4.5/../../../../avr/lib/avr25/libprintf_min.a(vfprintf_min.o) (fputc)
/usr/local/lib/gcc/avr/4.4.5/../../../../avr/lib/avr25/libc.a(ultoa_invert.o)
                              /usr/local/lib/gcc/avr/4.4.5/../../../../avr/lib/avr25/libprintf_min.a(vfprintf_min.o) (__ultoa_invert)

Allocating common symbols
Common symbol       size              file

rowSegBuffer        0x7a              _BUILD/main.o

Memory Configuration

Name             Origin             Length             Attributes
text             0x00000000         0x00002000         xr
data             0x00800060         0x0000ffa0         rw !x
eeprom           0x00810000         0x00010000         rw !x
*default*        0x00000000         0xffffffff

Linker script and memory map

LOAD /usr/local/lib/gcc/avr/4.4.5/../../../../avr/lib/avr25/crttn861.o
LOAD _BUILD/_commonCode_localized/adc/0.20/adc.o
LOAD _BUILD/_commonCode_localized/timerCommon/1.21/timerCommon.o
LOAD _BUILD/_commonCode_localized/hfModulation/0.93/hfModulation.o
LOAD _BUILD/_commonCode_localized/sineTable/0.99/sineTable.o
LOAD _BUILD/main.o
LOAD /usr/local/lib/gcc/avr/4.4.5/../../../../avr/lib/avr25/libprintf_min.a
LOAD /usr/local/lib/gcc/avr/4.4.5/avr25/libgcc.a
LOAD /usr/local/lib/gcc/avr/4.4.5/../../../../avr/lib/avr25/libc.a
LOAD /usr/local/lib/gcc/avr/4.4.5/avr25/libgcc.a

.hash
 *(.hash)

.dynsym
 *(.dynsym)

.dynstr
 *(.dynstr)

.gnu.version
 *(.gnu.version)

.gnu.version_d
 *(.gnu.version_d)

.gnu.version_r
 *(.gnu.version_r)

.rel.init
 *(.rel.init)

.rela.init
 *(.rela.init)

.rel.text
 *(.rel.text)
 *(.rel.text.*)
 *(.rel.gnu.linkonce.t*)

.rela.text
 *(.rela.text)
 *(.rela.text.*)
 *(.rela.gnu.linkonce.t*)

.rel.fini
 *(.rel.fini)

.rela.fini
 *(.rela.fini)

.rel.rodata
 *(.rel.rodata)
 *(.rel.rodata.*)
 *(.rel.gnu.linkonce.r*)

.rela.rodata
 *(.rela.rodata)
 *(.rela.rodata.*)
 *(.rela.gnu.linkonce.r*)

.rel.data
 *(.rel.data)
 *(.rel.data.*)
 *(.rel.gnu.linkonce.d*)

.rela.data
 *(.rela.data)
 *(.rela.data.*)
 *(.rela.gnu.linkonce.d*)

.rel.ctors
 *(.rel.ctors)

.rela.ctors
 *(.rela.ctors)

.rel.dtors
 *(.rel.dtors)

.rela.dtors
 *(.rela.dtors)

.rel.got
 *(.rel.got)

.rela.got
 *(.rela.got)

.rel.bss
 *(.rel.bss)

.rela.bss
 *(.rela.bss)

.rel.plt
 *(.rel.plt)

.rela.plt
 *(.rela.plt)

.text           0x00000000     0x1438
 *(.vectors)
 .vectors       0x00000000       0x26 /usr/local/lib/gcc/avr/4.4.5/../../../../avr/lib/avr25/crttn861.o
                0x00000000                __vectors
                0x00000000                __vector_default
 *(.vectors)
 *(.progmem.gcc*)
 *(.progmem*)
 .progmem.data  0x00000026      0x102 _BUILD/_commonCode_localized/sineTable/0.99/sineTable.o
                0x00000026                sineTable
 .progmem.data  0x00000128      0x355 _BUILD/main.o
                0x00000128                header
                0x0000014c                characters
 .progmem.data  0x0000047d       0x17 /usr/local/lib/gcc/avr/4.4.5/../../../../avr/lib/avr25/libprintf_min.a(vfprintf_min.o)
                0x00000494                . = ALIGN (0x2)
                0x00000494                __trampolines_start = .
 *(.trampolines)
 .trampolines   0x00000494        0x0 linker stubs
 *(.trampolines*)
                0x00000494                __trampolines_end = .
 *(.jumptables)
 *(.jumptables*)
 *(.lowtext)
 *(.lowtext*)
                0x00000494                __ctors_start = .
 *(.ctors)
                0x00000494                __ctors_end = .
                0x00000494                __dtors_start = .
 *(.dtors)
                0x00000494                __dtors_end = .
 SORT(*)(.ctors)
 SORT(*)(.dtors)
 *(.init0)
 .init0         0x00000494        0x0 /usr/local/lib/gcc/avr/4.4.5/../../../../avr/lib/avr25/crttn861.o
                0x00000494                __init
 *(.init0)
 *(.init1)
 *(.init1)
 *(.init2)
 .init2         0x00000494        0xc /usr/local/lib/gcc/avr/4.4.5/../../../../avr/lib/avr25/crttn861.o
 *(.init2)
 *(.init3)
 *(.init3)
 *(.init4)
 .init4         0x000004a0       0x16 /usr/local/lib/gcc/avr/4.4.5/avr25/libgcc.a(_copy_data.o)
                0x000004a0                __do_copy_data
 .init4         0x000004b6       0x10 /usr/local/lib/gcc/avr/4.4.5/avr25/libgcc.a(_clear_bss.o)
                0x000004b6                __do_clear_bss
 *(.init4)
 *(.init5)
 *(.init5)
 *(.init6)
 *(.init6)
 *(.init7)
 *(.init7)
 *(.init8)
 *(.init8)
 *(.init9)
 .init9         0x000004c6        0x4 /usr/local/lib/gcc/avr/4.4.5/../../../../avr/lib/avr25/crttn861.o
 *(.init9)
 *(.text)
 .text          0x000004ca        0x2 /usr/local/lib/gcc/avr/4.4.5/../../../../avr/lib/avr25/crttn861.o
                0x000004ca                __vector_18
                0x000004ca                __vector_12
                0x000004ca                __bad_interrupt
                0x000004ca                __vector_6
                0x000004ca                __vector_3
                0x000004ca                __vector_11
                0x000004ca                __vector_13
                0x000004ca                __vector_17
                0x000004ca                __vector_7
                0x000004ca                __vector_5
                0x000004ca                __vector_4
                0x000004ca                __vector_9
                0x000004ca                __vector_2
                0x000004ca                __vector_15
                0x000004ca                __vector_8
                0x000004ca                __vector_10
                0x000004ca                __vector_16
                0x000004ca                __vector_1
 .text          0x000004cc       0x9a _BUILD/_commonCode_localized/adc/0.20/adc.o
                0x000004cc                adc_select
                0x000004d8                adc_startConversion
                0x000004e8                adc_init
                0x0000050c                adc_getValue
                0x00000514                adc_isBusy
                0x00000520                adc_setPrescaler
                0x0000052c                adc_takeInput
 .text          0x00000566      0x15a _BUILD/_commonCode_localized/timerCommon/1.21/timerCommon.o
                0x00000566                timer_selectDivisor
                0x000005b8                timer_setWGM
                0x000005fc                timer_init
                0x00000620                timer_compareMatchIntSetup
 .text          0x000006c0       0x80 _BUILD/_commonCode_localized/hfModulation/0.93/hfModulation.o
                0x000006c0                hfm_setup
                0x000006dc                hfm_setPower
                0x000006f6                hfm_nextOutput
 .text          0x00000740       0xe8 _BUILD/_commonCode_localized/sineTable/0.99/sineTable.o
                0x00000740                sineRaw
                0x000007ba                sineRaw8
 .text          0x00000828      0x7b0 _BUILD/main.o
                0x00000828                pll_enable
                0x00000848                lvds_timerInit
                0x00000896                lcd_Init
                0x000008a0                segClear
                0x000008b2                segTerminate
                0x0000090a                newSeg
                0x0000098a                stretchSeg
                0x000009e8                addSeg
                0x00000a1e                rbpix_to_seg
                0x00000a84                rsb_drawPix
                0x00000aea                updateLCD
                0x00000b98                init_timer0Hsync
                0x00000bb2                main
                0x00000bb8                segSine_loadRow
                0x00000f70                __vector_14
 .text          0x00000fd8        0x0 /usr/local/lib/gcc/avr/4.4.5/../../../../avr/lib/avr25/libprintf_min.a(vfprintf_min.o)
 .text          0x00000fd8        0x0 /usr/local/lib/gcc/avr/4.4.5/avr25/libgcc.a(_mulhi3.o)
 .text          0x00000fd8        0x0 /usr/local/lib/gcc/avr/4.4.5/avr25/libgcc.a(_udivmodhi4.o)
 .text          0x00000fd8        0x0 /usr/local/lib/gcc/avr/4.4.5/avr25/libgcc.a(_divmodhi4.o)
 .text          0x00000fd8        0x0 /usr/local/lib/gcc/avr/4.4.5/avr25/libgcc.a(_prologue.o)
 .text          0x00000fd8        0x0 /usr/local/lib/gcc/avr/4.4.5/avr25/libgcc.a(_epilogue.o)
 .text          0x00000fd8        0x0 /usr/local/lib/gcc/avr/4.4.5/avr25/libgcc.a(_exit.o)
 .text          0x00000fd8        0x0 /usr/local/lib/gcc/avr/4.4.5/avr25/libgcc.a(_copy_data.o)
 .text          0x00000fd8        0x0 /usr/local/lib/gcc/avr/4.4.5/avr25/libgcc.a(_clear_bss.o)
 .text          0x00000fd8        0x0 /usr/local/lib/gcc/avr/4.4.5/../../../../avr/lib/avr25/libc.a(strchr_P.o)
 .text          0x00000fd8        0x0 /usr/local/lib/gcc/avr/4.4.5/../../../../avr/lib/avr25/libc.a(strlen_P.o)
 .text          0x00000fd8        0x0 /usr/local/lib/gcc/avr/4.4.5/../../../../avr/lib/avr25/libc.a(strncpy_P.o)
 .text          0x00000fd8        0x0 /usr/local/lib/gcc/avr/4.4.5/../../../../avr/lib/avr25/libc.a(fputc.o)
 .text          0x00000fd8        0x0 /usr/local/lib/gcc/avr/4.4.5/../../../../avr/lib/avr25/libc.a(ultoa_invert.o)
                0x00000fd8                . = ALIGN (0x2)
 *(.text.*)
 .text.avr-libc
                0x00000fd8      0x21e /usr/local/lib/gcc/avr/4.4.5/../../../../avr/lib/avr25/libprintf_min.a(vfprintf_min.o)
                0x00000fd8                vfprintf
 .text.libgcc   0x000011f6       0x24 /usr/local/lib/gcc/avr/4.4.5/avr25/libgcc.a(_mulhi3.o)
                0x000011f6                __mulhi3
 .text.libgcc   0x0000121a       0x28 /usr/local/lib/gcc/avr/4.4.5/avr25/libgcc.a(_udivmodhi4.o)
                0x0000121a                __udivmodhi4
 .text.libgcc   0x00001242       0x26 /usr/local/lib/gcc/avr/4.4.5/avr25/libgcc.a(_divmodhi4.o)
                0x00001242                __divmodhi4
                0x00001242                _div
 .text.libgcc   0x00001268       0x38 /usr/local/lib/gcc/avr/4.4.5/avr25/libgcc.a(_prologue.o)
                0x00001268                __prologue_saves__
 .text.libgcc   0x000012a0       0x36 /usr/local/lib/gcc/avr/4.4.5/avr25/libgcc.a(_epilogue.o)
                0x000012a0                __epilogue_restores__
 .text.libgcc   0x000012d6        0x0 /usr/local/lib/gcc/avr/4.4.5/avr25/libgcc.a(_exit.o)
 .text.libgcc   0x000012d6        0x0 /usr/local/lib/gcc/avr/4.4.5/avr25/libgcc.a(_copy_data.o)
 .text.libgcc   0x000012d6        0x0 /usr/local/lib/gcc/avr/4.4.5/avr25/libgcc.a(_clear_bss.o)
 .text.avr-libc
                0x000012d6       0x16 /usr/local/lib/gcc/avr/4.4.5/../../../../avr/lib/avr25/libc.a(strchr_P.o)
                0x000012d6                strchr_P
 .text.avr-libc
                0x000012ec       0x12 /usr/local/lib/gcc/avr/4.4.5/../../../../avr/lib/avr25/libc.a(strlen_P.o)
                0x000012ec                strlen_P
 .text.avr-libc
                0x000012fe       0x1e /usr/local/lib/gcc/avr/4.4.5/../../../../avr/lib/avr25/libc.a(strncpy_P.o)
                0x000012fe                strncpy_P
 .text.avr-libc
                0x0000131c       0x58 /usr/local/lib/gcc/avr/4.4.5/../../../../avr/lib/avr25/libc.a(fputc.o)
                0x0000131c                fputc
 .text.avr-libc
                0x00001374       0xc0 /usr/local/lib/gcc/avr/4.4.5/../../../../avr/lib/avr25/libc.a(ultoa_invert.o)
                0x00001374                __ultoa_invert
                0x00001434                . = ALIGN (0x2)
 *(.fini9)
 .fini9         0x00001434        0x0 /usr/local/lib/gcc/avr/4.4.5/avr25/libgcc.a(_exit.o)
                0x00001434                exit
                0x00001434                _exit
 *(.fini9)
 *(.fini8)
 *(.fini8)
 *(.fini7)
 *(.fini7)
 *(.fini6)
 *(.fini6)
 *(.fini5)
 *(.fini5)
 *(.fini4)
 *(.fini4)
 *(.fini3)
 *(.fini3)
 *(.fini2)
 *(.fini2)
 *(.fini1)
 *(.fini1)
 *(.fini0)
 .fini0         0x00001434        0x4 /usr/local/lib/gcc/avr/4.4.5/avr25/libgcc.a(_exit.o)
 *(.fini0)
                0x00001438                _etext = .

.data           0x00800060        0x0 load address 0x00001438
                0x00800060                PROVIDE (__data_start, .)
 *(.data)
 .data          0x00800060        0x0 /usr/local/lib/gcc/avr/4.4.5/../../../../avr/lib/avr25/crttn861.o
 .data          0x00800060        0x0 _BUILD/_commonCode_localized/adc/0.20/adc.o
 .data          0x00800060        0x0 _BUILD/_commonCode_localized/timerCommon/1.21/timerCommon.o
 .data          0x00800060        0x0 _BUILD/_commonCode_localized/hfModulation/0.93/hfModulation.o
 .data          0x00800060        0x0 _BUILD/_commonCode_localized/sineTable/0.99/sineTable.o
 .data          0x00800060        0x0 _BUILD/main.o
 .data          0x00800060        0x0 /usr/local/lib/gcc/avr/4.4.5/../../../../avr/lib/avr25/libprintf_min.a(vfprintf_min.o)
 .data          0x00800060        0x0 /usr/local/lib/gcc/avr/4.4.5/avr25/libgcc.a(_mulhi3.o)
 .data          0x00800060        0x0 /usr/local/lib/gcc/avr/4.4.5/avr25/libgcc.a(_udivmodhi4.o)
 .data          0x00800060        0x0 /usr/local/lib/gcc/avr/4.4.5/avr25/libgcc.a(_divmodhi4.o)
 .data          0x00800060        0x0 /usr/local/lib/gcc/avr/4.4.5/avr25/libgcc.a(_prologue.o)
 .data          0x00800060        0x0 /usr/local/lib/gcc/avr/4.4.5/avr25/libgcc.a(_epilogue.o)
 .data          0x00800060        0x0 /usr/local/lib/gcc/avr/4.4.5/avr25/libgcc.a(_exit.o)
 .data          0x00800060        0x0 /usr/local/lib/gcc/avr/4.4.5/avr25/libgcc.a(_copy_data.o)
 .data          0x00800060        0x0 /usr/local/lib/gcc/avr/4.4.5/avr25/libgcc.a(_clear_bss.o)
 .data          0x00800060        0x0 /usr/local/lib/gcc/avr/4.4.5/../../../../avr/lib/avr25/libc.a(strchr_P.o)
 .data          0x00800060        0x0 /usr/local/lib/gcc/avr/4.4.5/../../../../avr/lib/avr25/libc.a(strlen_P.o)
 .data          0x00800060        0x0 /usr/local/lib/gcc/avr/4.4.5/../../../../avr/lib/avr25/libc.a(strncpy_P.o)
 .data          0x00800060        0x0 /usr/local/lib/gcc/avr/4.4.5/../../../../avr/lib/avr25/libc.a(fputc.o)
 .data          0x00800060        0x0 /usr/local/lib/gcc/avr/4.4.5/../../../../avr/lib/avr25/libc.a(ultoa_invert.o)
 *(.data*)
 *(.rodata)
 *(.rodata*)
 *(.gnu.linkonce.d*)
                0x00800060                . = ALIGN (0x2)
                0x00800060                _edata = .
                0x00800060                PROVIDE (__data_end, .)

.bss            0x00800060       0x84
                0x00800060                PROVIDE (__bss_start, .)
 *(.bss)
 .bss           0x00800060        0x0 /usr/local/lib/gcc/avr/4.4.5/../../../../avr/lib/avr25/crttn861.o
 .bss           0x00800060        0x0 _BUILD/_commonCode_localized/adc/0.20/adc.o
 .bss           0x00800060        0x0 _BUILD/_commonCode_localized/timerCommon/1.21/timerCommon.o
 .bss           0x00800060        0x0 _BUILD/_commonCode_localized/hfModulation/0.93/hfModulation.o
 .bss           0x00800060        0x0 _BUILD/_commonCode_localized/sineTable/0.99/sineTable.o
 .bss           0x00800060        0xa _BUILD/main.o
                0x00800060                dataEnable
                0x00800061                vSync
                0x00800062                hsyncCount
                0x00800064                segPosition
 .bss           0x0080006a        0x0 /usr/local/lib/gcc/avr/4.4.5/../../../../avr/lib/avr25/libprintf_min.a(vfprintf_min.o)
 .bss           0x0080006a        0x0 /usr/local/lib/gcc/avr/4.4.5/avr25/libgcc.a(_mulhi3.o)
 .bss           0x0080006a        0x0 /usr/local/lib/gcc/avr/4.4.5/avr25/libgcc.a(_udivmodhi4.o)
 .bss           0x0080006a        0x0 /usr/local/lib/gcc/avr/4.4.5/avr25/libgcc.a(_divmodhi4.o)
 .bss           0x0080006a        0x0 /usr/local/lib/gcc/avr/4.4.5/avr25/libgcc.a(_prologue.o)
 .bss           0x0080006a        0x0 /usr/local/lib/gcc/avr/4.4.5/avr25/libgcc.a(_epilogue.o)
 .bss           0x0080006a        0x0 /usr/local/lib/gcc/avr/4.4.5/avr25/libgcc.a(_exit.o)
 .bss           0x0080006a        0x0 /usr/local/lib/gcc/avr/4.4.5/avr25/libgcc.a(_copy_data.o)
 .bss           0x0080006a        0x0 /usr/local/lib/gcc/avr/4.4.5/avr25/libgcc.a(_clear_bss.o)
 .bss           0x0080006a        0x0 /usr/local/lib/gcc/avr/4.4.5/../../../../avr/lib/avr25/libc.a(strchr_P.o)
 .bss           0x0080006a        0x0 /usr/local/lib/gcc/avr/4.4.5/../../../../avr/lib/avr25/libc.a(strlen_P.o)
 .bss           0x0080006a        0x0 /usr/local/lib/gcc/avr/4.4.5/../../../../avr/lib/avr25/libc.a(strncpy_P.o)
 .bss           0x0080006a        0x0 /usr/local/lib/gcc/avr/4.4.5/../../../../avr/lib/avr25/libc.a(fputc.o)
 .bss           0x0080006a        0x0 /usr/local/lib/gcc/avr/4.4.5/../../../../avr/lib/avr25/libc.a(ultoa_invert.o)
 *(.bss*)
 *(COMMON)
 COMMON         0x0080006a       0x7a _BUILD/main.o
                0x0080006a                rowSegBuffer
                0x008000e4                PROVIDE (__bss_end, .)
                0x00001438                __data_load_start = LOADADDR (.data)
                0x00001438                __data_load_end = (__data_load_start + SIZEOF (.data))

.noinit         0x008000e4        0x0
                0x008000e4                PROVIDE (__noinit_start, .)
 *(.noinit*)
                0x008000e4                PROVIDE (__noinit_end, .)
                0x008000e4                _end = .
                0x008000e4                PROVIDE (__heap_start, .)

.eeprom         0x00810000        0x0
 *(.eeprom*)
                0x00810000                __eeprom_end = .

.stab           0x00000000     0x3f48
 *(.stab)
 .stab          0x00000000      0x6cc /usr/local/lib/gcc/avr/4.4.5/../../../../avr/lib/avr25/crttn861.o
 .stab          0x000006cc      0x624 _BUILD/_commonCode_localized/adc/0.20/adc.o
                                0x630 (size before relaxing)
 .stab          0x00000cf0      0x4bc _BUILD/_commonCode_localized/timerCommon/1.21/timerCommon.o
                                0x678 (size before relaxing)
 .stab          0x000011ac      0x354 _BUILD/_commonCode_localized/hfModulation/0.93/hfModulation.o
                                0x510 (size before relaxing)
 .stab          0x00001500      0x468 _BUILD/_commonCode_localized/sineTable/0.99/sineTable.o
                                0x618 (size before relaxing)
 .stab          0x00001968     0x1548 _BUILD/main.o
                               0x17c4 (size before relaxing)
 .stab          0x00002eb0      0x840 /usr/local/lib/gcc/avr/4.4.5/../../../../avr/lib/avr25/libprintf_min.a(vfprintf_min.o)
                                0x864 (size before relaxing)
 .stab          0x000036f0       0x9c /usr/local/lib/gcc/avr/4.4.5/../../../../avr/lib/avr25/libc.a(strchr_P.o)
                                 0xa8 (size before relaxing)
 .stab          0x0000378c       0x84 /usr/local/lib/gcc/avr/4.4.5/../../../../avr/lib/avr25/libc.a(strlen_P.o)
                                 0x90 (size before relaxing)
 .stab          0x00003810       0xcc /usr/local/lib/gcc/avr/4.4.5/../../../../avr/lib/avr25/libc.a(strncpy_P.o)
                                 0xd8 (size before relaxing)
 .stab          0x000038dc      0x1d4 /usr/local/lib/gcc/avr/4.4.5/../../../../avr/lib/avr25/libc.a(fputc.o)
                                0x3b4 (size before relaxing)
 .stab          0x00003ab0      0x498 /usr/local/lib/gcc/avr/4.4.5/../../../../avr/lib/avr25/libc.a(ultoa_invert.o)
                                0x4a4 (size before relaxing)

.stabstr        0x00000000     0x1f59
 *(.stabstr)
 .stabstr       0x00000000     0x1f59 /usr/local/lib/gcc/avr/4.4.5/../../../../avr/lib/avr25/crttn861.o

.stab.excl
 *(.stab.excl)

.stab.exclstr
 *(.stab.exclstr)

.stab.index
 *(.stab.index)

.stab.indexstr
 *(.stab.indexstr)

.comment
 *(.comment)

.debug
 *(.debug)

.line
 *(.line)

.debug_srcinfo
 *(.debug_srcinfo)

.debug_sfnames
 *(.debug_sfnames)

.debug_aranges
 *(.debug_aranges)

.debug_pubnames
 *(.debug_pubnames)

.debug_info
 *(.debug_info)
 *(.gnu.linkonce.wi.*)

.debug_abbrev
 *(.debug_abbrev)

.debug_line
 *(.debug_line)

.debug_frame
 *(.debug_frame)

.debug_str
 *(.debug_str)

.debug_loc
 *(.debug_loc)

.debug_macinfo
 *(.debug_macinfo)
OUTPUT(_BUILD/LCDdirectLVDS.elf elf32-avr)
LOAD linker stubs

Cross Reference Table

Symbol                                            File
__bad_interrupt                                   /usr/local/lib/gcc/avr/4.4.5/../../../../avr/lib/avr25/crttn861.o
__bss_end                                         /usr/local/lib/gcc/avr/4.4.5/avr25/libgcc.a(_clear_bss.o)
__bss_start                                       /usr/local/lib/gcc/avr/4.4.5/avr25/libgcc.a(_clear_bss.o)
__data_end                                        /usr/local/lib/gcc/avr/4.4.5/avr25/libgcc.a(_copy_data.o)
__data_load_start                                 /usr/local/lib/gcc/avr/4.4.5/avr25/libgcc.a(_copy_data.o)
__data_start                                      /usr/local/lib/gcc/avr/4.4.5/avr25/libgcc.a(_copy_data.o)
__divmodhi4                                       /usr/local/lib/gcc/avr/4.4.5/avr25/libgcc.a(_divmodhi4.o)
                                                  _BUILD/_commonCode_localized/sineTable/0.99/sineTable.o
__do_clear_bss                                    /usr/local/lib/gcc/avr/4.4.5/avr25/libgcc.a(_clear_bss.o)
                                                  /usr/local/lib/gcc/avr/4.4.5/../../../../avr/lib/avr25/libc.a(fputc.o)
                                                  /usr/local/lib/gcc/avr/4.4.5/../../../../avr/lib/avr25/libprintf_min.a(vfprintf_min.o)
                                                  _BUILD/main.o
                                                  _BUILD/_commonCode_localized/sineTable/0.99/sineTable.o
                                                  _BUILD/_commonCode_localized/hfModulation/0.93/hfModulation.o
                                                  _BUILD/_commonCode_localized/timerCommon/1.21/timerCommon.o
                                                  _BUILD/_commonCode_localized/adc/0.20/adc.o
__do_copy_data                                    /usr/local/lib/gcc/avr/4.4.5/avr25/libgcc.a(_copy_data.o)
                                                  /usr/local/lib/gcc/avr/4.4.5/../../../../avr/lib/avr25/libc.a(fputc.o)
                                                  /usr/local/lib/gcc/avr/4.4.5/../../../../avr/lib/avr25/libprintf_min.a(vfprintf_min.o)
                                                  _BUILD/main.o
                                                  _BUILD/_commonCode_localized/sineTable/0.99/sineTable.o
                                                  _BUILD/_commonCode_localized/hfModulation/0.93/hfModulation.o
                                                  _BUILD/_commonCode_localized/timerCommon/1.21/timerCommon.o
                                                  _BUILD/_commonCode_localized/adc/0.20/adc.o
__epilogue_restores__                             /usr/local/lib/gcc/avr/4.4.5/avr25/libgcc.a(_epilogue.o)
                                                  /usr/local/lib/gcc/avr/4.4.5/../../../../avr/lib/avr25/libprintf_min.a(vfprintf_min.o)
__heap_end                                        /usr/local/lib/gcc/avr/4.4.5/../../../../avr/lib/avr25/crttn861.o
__init                                            /usr/local/lib/gcc/avr/4.4.5/../../../../avr/lib/avr25/crttn861.o
__mulhi3                                          /usr/local/lib/gcc/avr/4.4.5/avr25/libgcc.a(_mulhi3.o)
                                                  _BUILD/main.o
__prologue_saves__                                /usr/local/lib/gcc/avr/4.4.5/avr25/libgcc.a(_prologue.o)
                                                  /usr/local/lib/gcc/avr/4.4.5/../../../../avr/lib/avr25/libprintf_min.a(vfprintf_min.o)
__stack                                           /usr/local/lib/gcc/avr/4.4.5/../../../../avr/lib/avr25/crttn861.o
__udivmodhi4                                      /usr/local/lib/gcc/avr/4.4.5/avr25/libgcc.a(_udivmodhi4.o)
                                                  /usr/local/lib/gcc/avr/4.4.5/avr25/libgcc.a(_divmodhi4.o)
                                                  _BUILD/main.o
__ultoa_invert                                    /usr/local/lib/gcc/avr/4.4.5/../../../../avr/lib/avr25/libc.a(ultoa_invert.o)
                                                  /usr/local/lib/gcc/avr/4.4.5/../../../../avr/lib/avr25/libprintf_min.a(vfprintf_min.o)
__vector_1                                        /usr/local/lib/gcc/avr/4.4.5/../../../../avr/lib/avr25/crttn861.o
__vector_10                                       /usr/local/lib/gcc/avr/4.4.5/../../../../avr/lib/avr25/crttn861.o
__vector_11                                       /usr/local/lib/gcc/avr/4.4.5/../../../../avr/lib/avr25/crttn861.o
__vector_12                                       /usr/local/lib/gcc/avr/4.4.5/../../../../avr/lib/avr25/crttn861.o
__vector_13                                       /usr/local/lib/gcc/avr/4.4.5/../../../../avr/lib/avr25/crttn861.o
__vector_14                                       _BUILD/main.o
                                                  /usr/local/lib/gcc/avr/4.4.5/../../../../avr/lib/avr25/crttn861.o
__vector_15                                       /usr/local/lib/gcc/avr/4.4.5/../../../../avr/lib/avr25/crttn861.o
__vector_16                                       /usr/local/lib/gcc/avr/4.4.5/../../../../avr/lib/avr25/crttn861.o
__vector_17                                       /usr/local/lib/gcc/avr/4.4.5/../../../../avr/lib/avr25/crttn861.o
__vector_18                                       /usr/local/lib/gcc/avr/4.4.5/../../../../avr/lib/avr25/crttn861.o
__vector_2                                        /usr/local/lib/gcc/avr/4.4.5/../../../../avr/lib/avr25/crttn861.o
__vector_3                                        /usr/local/lib/gcc/avr/4.4.5/../../../../avr/lib/avr25/crttn861.o
__vector_4                                        /usr/local/lib/gcc/avr/4.4.5/../../../../avr/lib/avr25/crttn861.o
__vector_5                                        /usr/local/lib/gcc/avr/4.4.5/../../../../avr/lib/avr25/crttn861.o
__vector_6                                        /usr/local/lib/gcc/avr/4.4.5/../../../../avr/lib/avr25/crttn861.o
__vector_7                                        /usr/local/lib/gcc/avr/4.4.5/../../../../avr/lib/avr25/crttn861.o
__vector_8                                        /usr/local/lib/gcc/avr/4.4.5/../../../../avr/lib/avr25/crttn861.o
__vector_9                                        /usr/local/lib/gcc/avr/4.4.5/../../../../avr/lib/avr25/crttn861.o
__vector_default                                  /usr/local/lib/gcc/avr/4.4.5/../../../../avr/lib/avr25/crttn861.o
__vectors                                         /usr/local/lib/gcc/avr/4.4.5/../../../../avr/lib/avr25/crttn861.o
_div                                              /usr/local/lib/gcc/avr/4.4.5/avr25/libgcc.a(_divmodhi4.o)
_exit                                             /usr/local/lib/gcc/avr/4.4.5/avr25/libgcc.a(_exit.o)
adc_getValue                                      _BUILD/_commonCode_localized/adc/0.20/adc.o
adc_init                                          _BUILD/_commonCode_localized/adc/0.20/adc.o
adc_isBusy                                        _BUILD/_commonCode_localized/adc/0.20/adc.o
adc_select                                        _BUILD/_commonCode_localized/adc/0.20/adc.o
adc_setPrescaler                                  _BUILD/_commonCode_localized/adc/0.20/adc.o
adc_startConversion                               _BUILD/_commonCode_localized/adc/0.20/adc.o
adc_takeInput                                     _BUILD/_commonCode_localized/adc/0.20/adc.o
addSeg                                            _BUILD/main.o
characters                                        _BUILD/main.o
dataEnable                                        _BUILD/main.o
exit                                              /usr/local/lib/gcc/avr/4.4.5/avr25/libgcc.a(_exit.o)
                                                  /usr/local/lib/gcc/avr/4.4.5/../../../../avr/lib/avr25/crttn861.o
fputc                                             /usr/local/lib/gcc/avr/4.4.5/../../../../avr/lib/avr25/libc.a(fputc.o)
                                                  /usr/local/lib/gcc/avr/4.4.5/../../../../avr/lib/avr25/libprintf_min.a(vfprintf_min.o)
header                                            _BUILD/main.o
hfm_nextOutput                                    _BUILD/_commonCode_localized/hfModulation/0.93/hfModulation.o
hfm_setPower                                      _BUILD/_commonCode_localized/hfModulation/0.93/hfModulation.o
hfm_setup                                         _BUILD/_commonCode_localized/hfModulation/0.93/hfModulation.o
hsyncCount                                        _BUILD/main.o
init_timer0Hsync                                  _BUILD/main.o
lcd_Init                                          _BUILD/main.o
lvds_timerInit                                    _BUILD/main.o
main                                              _BUILD/main.o
                                                  /usr/local/lib/gcc/avr/4.4.5/../../../../avr/lib/avr25/crttn861.o
newSeg                                            _BUILD/main.o
pll_enable                                        _BUILD/main.o
rbpix_to_seg                                      _BUILD/main.o
rowSegBuffer                                      _BUILD/main.o
rsb_drawPix                                       _BUILD/main.o
segClear                                          _BUILD/main.o
segPosition                                       _BUILD/main.o
segSine_loadRow                                   _BUILD/main.o
segTerminate                                      _BUILD/main.o
sineRaw                                           _BUILD/_commonCode_localized/sineTable/0.99/sineTable.o
sineRaw8                                          _BUILD/_commonCode_localized/sineTable/0.99/sineTable.o
                                                  _BUILD/main.o
sineTable                                         _BUILD/_commonCode_localized/sineTable/0.99/sineTable.o
strchr_P                                          /usr/local/lib/gcc/avr/4.4.5/../../../../avr/lib/avr25/libc.a(strchr_P.o)
                                                  /usr/local/lib/gcc/avr/4.4.5/../../../../avr/lib/avr25/libprintf_min.a(vfprintf_min.o)
stretchSeg                                        _BUILD/main.o
strlen_P                                          /usr/local/lib/gcc/avr/4.4.5/../../../../avr/lib/avr25/libc.a(strlen_P.o)
                                                  _BUILD/main.o
strncpy_P                                         /usr/local/lib/gcc/avr/4.4.5/../../../../avr/lib/avr25/libc.a(strncpy_P.o)
                                                  _BUILD/main.o
timer_compareMatchIntSetup                        _BUILD/_commonCode_localized/timerCommon/1.21/timerCommon.o
                                                  _BUILD/main.o
timer_init                                        _BUILD/_commonCode_localized/timerCommon/1.21/timerCommon.o
timer_selectDivisor                               _BUILD/_commonCode_localized/timerCommon/1.21/timerCommon.o
                                                  _BUILD/main.o
timer_setWGM                                      _BUILD/_commonCode_localized/timerCommon/1.21/timerCommon.o
                                                  _BUILD/main.o
updateLCD                                         _BUILD/main.o
vSync                                             _BUILD/main.o
vfprintf                                          /usr/local/lib/gcc/avr/4.4.5/../../../../avr/lib/avr25/libprintf_min.a(vfprintf_min.o)
