Archive member included because of file (symbol)

/usr/local/lib/gcc/avr/4.4.5/avr25/libgcc.a(_mulhi3.o)
                              _BUILD/main.o (__mulhi3)
/usr/local/lib/gcc/avr/4.4.5/avr25/libgcc.a(_udivmodqi4.o)
                              _BUILD/main.o (__udivmodqi4)
/usr/local/lib/gcc/avr/4.4.5/avr25/libgcc.a(_udivmodhi4.o)
                              _BUILD/main.o (__udivmodhi4)
/usr/local/lib/gcc/avr/4.4.5/avr25/libgcc.a(_divmodhi4.o)
                              _BUILD/_commonCode_localized/sineTable/0.99/sineTable.o (__divmodhi4)
/usr/local/lib/gcc/avr/4.4.5/avr25/libgcc.a(_exit.o)
                              /usr/local/lib/gcc/avr/4.4.5/../../../../avr/lib/avr25/crttn861.o (exit)
/usr/local/lib/gcc/avr/4.4.5/avr25/libgcc.a(_copy_data.o)
                              _BUILD/_commonCode_localized/hfModulation/1.00/hfModulation.o (__do_copy_data)
/usr/local/lib/gcc/avr/4.4.5/avr25/libgcc.a(_clear_bss.o)
                              _BUILD/_commonCode_localized/hfModulation/1.00/hfModulation.o (__do_clear_bss)

Allocating common symbols
Common symbol       size              file

frameBuffer         0x100             _BUILD/main.o

Memory Configuration

Name             Origin             Length             Attributes
text             0x00000000         0x00002000         xr
data             0x00800060         0x0000ffa0         rw !x
eeprom           0x00810000         0x00010000         rw !x
*default*        0x00000000         0xffffffff

Linker script and memory map

LOAD /usr/local/lib/gcc/avr/4.4.5/../../../../avr/lib/avr25/crttn861.o
LOAD _BUILD/_commonCode_localized/hfModulation/1.00/hfModulation.o
LOAD _BUILD/_commonCode_localized/adc/0.20/adc.o
LOAD _BUILD/_commonCode_localized/timerCommon/1.21/timerCommon.o
LOAD _BUILD/_commonCode_localized/sineTable/0.99/sineTable.o
LOAD _BUILD/main.o
LOAD /usr/local/lib/gcc/avr/4.4.5/avr25/libgcc.a
LOAD /usr/local/lib/gcc/avr/4.4.5/../../../../avr/lib/avr25/libc.a
LOAD /usr/local/lib/gcc/avr/4.4.5/avr25/libgcc.a

.hash
 *(.hash)

.dynsym
 *(.dynsym)

.dynstr
 *(.dynstr)

.gnu.version
 *(.gnu.version)

.gnu.version_d
 *(.gnu.version_d)

.gnu.version_r
 *(.gnu.version_r)

.rel.init
 *(.rel.init)

.rela.init
 *(.rela.init)

.rel.text
 *(.rel.text)
 *(.rel.text.*)
 *(.rel.gnu.linkonce.t*)

.rela.text
 *(.rela.text)
 *(.rela.text.*)
 *(.rela.gnu.linkonce.t*)

.rel.fini
 *(.rel.fini)

.rela.fini
 *(.rela.fini)

.rel.rodata
 *(.rel.rodata)
 *(.rel.rodata.*)
 *(.rel.gnu.linkonce.r*)

.rela.rodata
 *(.rela.rodata)
 *(.rela.rodata.*)
 *(.rela.gnu.linkonce.r*)

.rel.data
 *(.rel.data)
 *(.rel.data.*)
 *(.rel.gnu.linkonce.d*)

.rela.data
 *(.rela.data)
 *(.rela.data.*)
 *(.rela.gnu.linkonce.d*)

.rel.ctors
 *(.rel.ctors)

.rela.ctors
 *(.rela.ctors)

.rel.dtors
 *(.rel.dtors)

.rela.dtors
 *(.rela.dtors)

.rel.got
 *(.rel.got)

.rela.got
 *(.rela.got)

.rel.bss
 *(.rel.bss)

.rela.bss
 *(.rela.bss)

.rel.plt
 *(.rel.plt)

.rela.plt
 *(.rela.plt)

.text           0x00000000     0x1d9a
 *(.vectors)
 .vectors       0x00000000       0x26 /usr/local/lib/gcc/avr/4.4.5/../../../../avr/lib/avr25/crttn861.o
                0x00000000                __vectors
                0x00000000                __vector_default
 *(.vectors)
 *(.progmem.gcc*)
 .progmem.gcc_sw_table
                0x00000026       0x20 _BUILD/main.o
 *(.progmem*)
 .progmem.data  0x00000046      0x102 _BUILD/_commonCode_localized/sineTable/0.99/sineTable.o
                0x00000046                sineTable
 .progmem.data  0x00000148      0x634 _BUILD/main.o
                0x00000148                header
                0x0000016c                characters
                0x0000077c                . = ALIGN (0x2)
                0x0000077c                __trampolines_start = .
 *(.trampolines)
 .trampolines   0x0000077c        0x0 linker stubs
 *(.trampolines*)
                0x0000077c                __trampolines_end = .
 *(.jumptables)
 *(.jumptables*)
 *(.lowtext)
 *(.lowtext*)
                0x0000077c                __ctors_start = .
 *(.ctors)
                0x0000077c                __ctors_end = .
                0x0000077c                __dtors_start = .
 *(.dtors)
                0x0000077c                __dtors_end = .
 SORT(*)(.ctors)
 SORT(*)(.dtors)
 *(.init0)
 .init0         0x0000077c        0x0 /usr/local/lib/gcc/avr/4.4.5/../../../../avr/lib/avr25/crttn861.o
                0x0000077c                __init
 *(.init0)
 *(.init1)
 *(.init1)
 *(.init2)
 .init2         0x0000077c        0xc /usr/local/lib/gcc/avr/4.4.5/../../../../avr/lib/avr25/crttn861.o
 *(.init2)
 *(.init3)
 *(.init3)
 *(.init4)
 .init4         0x00000788       0x16 /usr/local/lib/gcc/avr/4.4.5/avr25/libgcc.a(_copy_data.o)
                0x00000788                __do_copy_data
 .init4         0x0000079e       0x10 /usr/local/lib/gcc/avr/4.4.5/avr25/libgcc.a(_clear_bss.o)
                0x0000079e                __do_clear_bss
 *(.init4)
 *(.init5)
 *(.init5)
 *(.init6)
 *(.init6)
 *(.init7)
 *(.init7)
 *(.init8)
 *(.init8)
 *(.init9)
 .init9         0x000007ae        0x4 /usr/local/lib/gcc/avr/4.4.5/../../../../avr/lib/avr25/crttn861.o
 *(.init9)
 *(.text)
 .text          0x000007b2        0x2 /usr/local/lib/gcc/avr/4.4.5/../../../../avr/lib/avr25/crttn861.o
                0x000007b2                __vector_18
                0x000007b2                __vector_12
                0x000007b2                __bad_interrupt
                0x000007b2                __vector_6
                0x000007b2                __vector_3
                0x000007b2                __vector_11
                0x000007b2                __vector_13
                0x000007b2                __vector_17
                0x000007b2                __vector_7
                0x000007b2                __vector_5
                0x000007b2                __vector_4
                0x000007b2                __vector_9
                0x000007b2                __vector_2
                0x000007b2                __vector_15
                0x000007b2                __vector_8
                0x000007b2                __vector_10
                0x000007b2                __vector_16
                0x000007b2                __vector_1
 .text          0x000007b4       0x5a _BUILD/_commonCode_localized/hfModulation/1.00/hfModulation.o
                0x000007b4                hfm_setup
                0x000007cc                hfm_setPower
                0x000007de                hfm_nextOutput
 .text          0x0000080e       0x9a _BUILD/_commonCode_localized/adc/0.20/adc.o
                0x0000080e                adc_select
                0x0000081a                adc_startConversion
                0x0000082a                adc_init
                0x0000084e                adc_getValue
                0x00000856                adc_isBusy
                0x00000862                adc_setPrescaler
                0x0000086e                adc_takeInput
 .text          0x000008a8      0x15a _BUILD/_commonCode_localized/timerCommon/1.21/timerCommon.o
                0x000008a8                timer_selectDivisor
                0x000008fa                timer_setWGM
                0x0000093e                timer_init
                0x00000962                timer_compareMatchIntSetup
 .text          0x00000a02       0x8e _BUILD/_commonCode_localized/sineTable/0.99/sineTable.o
                0x00000a02                quadrantizeTheta
                0x00000a3e                sineRaw
                0x00000a6c                sineRaw8
 .text          0x00000a90     0x127c _BUILD/main.o
                0x00000a90                pll_enable
                0x00000ab0                lvds_timerInit
                0x00000afe                setColor
                0x00000b40                frameBufferInit
                0x00000b42                nonRSB_drawPix
                0x0000153c                setSpriteSkyColorOverride
                0x00001546                getRawPixelVal
                0x00001582                rawPixValToGimpColorVal
                0x000015a2                getGimpColorVal
                0x000015e8                getRawPixelValCOIN
                0x00001640                getSpritePalette
                0x000016a0                getSpritePhase
                0x000016e2                drawSpriteRow
                0x00001816                fbQuestion_update
                0x000019de                lcd_Init
                0x000019e8                updateLCD
                0x00001af6                __vector_14
                0x00001b4a                fbQuestion_hitDetected
                0x00001c06                init_timer0Hsync
                0x00001c20                main
 .text          0x00001d0c        0x0 /usr/local/lib/gcc/avr/4.4.5/avr25/libgcc.a(_mulhi3.o)
 .text          0x00001d0c        0x0 /usr/local/lib/gcc/avr/4.4.5/avr25/libgcc.a(_udivmodqi4.o)
 .text          0x00001d0c        0x0 /usr/local/lib/gcc/avr/4.4.5/avr25/libgcc.a(_udivmodhi4.o)
 .text          0x00001d0c        0x0 /usr/local/lib/gcc/avr/4.4.5/avr25/libgcc.a(_divmodhi4.o)
 .text          0x00001d0c        0x0 /usr/local/lib/gcc/avr/4.4.5/avr25/libgcc.a(_exit.o)
 .text          0x00001d0c        0x0 /usr/local/lib/gcc/avr/4.4.5/avr25/libgcc.a(_copy_data.o)
 .text          0x00001d0c        0x0 /usr/local/lib/gcc/avr/4.4.5/avr25/libgcc.a(_clear_bss.o)
                0x00001d0c                . = ALIGN (0x2)
 *(.text.*)
 .text.libgcc   0x00001d0c       0x24 /usr/local/lib/gcc/avr/4.4.5/avr25/libgcc.a(_mulhi3.o)
                0x00001d0c                __mulhi3
 .text.libgcc   0x00001d30       0x18 /usr/local/lib/gcc/avr/4.4.5/avr25/libgcc.a(_udivmodqi4.o)
                0x00001d30                __udivmodqi4
 .text.libgcc   0x00001d48       0x28 /usr/local/lib/gcc/avr/4.4.5/avr25/libgcc.a(_udivmodhi4.o)
                0x00001d48                __udivmodhi4
 .text.libgcc   0x00001d70       0x26 /usr/local/lib/gcc/avr/4.4.5/avr25/libgcc.a(_divmodhi4.o)
                0x00001d70                __divmodhi4
                0x00001d70                _div
 .text.libgcc   0x00001d96        0x0 /usr/local/lib/gcc/avr/4.4.5/avr25/libgcc.a(_exit.o)
 .text.libgcc   0x00001d96        0x0 /usr/local/lib/gcc/avr/4.4.5/avr25/libgcc.a(_copy_data.o)
 .text.libgcc   0x00001d96        0x0 /usr/local/lib/gcc/avr/4.4.5/avr25/libgcc.a(_clear_bss.o)
                0x00001d96                . = ALIGN (0x2)
 *(.fini9)
 .fini9         0x00001d96        0x0 /usr/local/lib/gcc/avr/4.4.5/avr25/libgcc.a(_exit.o)
                0x00001d96                exit
                0x00001d96                _exit
 *(.fini9)
 *(.fini8)
 *(.fini8)
 *(.fini7)
 *(.fini7)
 *(.fini6)
 *(.fini6)
 *(.fini5)
 *(.fini5)
 *(.fini4)
 *(.fini4)
 *(.fini3)
 *(.fini3)
 *(.fini2)
 *(.fini2)
 *(.fini1)
 *(.fini1)
 *(.fini0)
 .fini0         0x00001d96        0x4 /usr/local/lib/gcc/avr/4.4.5/avr25/libgcc.a(_exit.o)
 *(.fini0)
                0x00001d9a                _etext = .

.data           0x00800060       0x5a load address 0x00001d9a
                0x00800060                PROVIDE (__data_start, .)
 *(.data)
 .data          0x00800060        0x0 /usr/local/lib/gcc/avr/4.4.5/../../../../avr/lib/avr25/crttn861.o
 .data          0x00800060        0x0 _BUILD/_commonCode_localized/hfModulation/1.00/hfModulation.o
 .data          0x00800060        0x0 _BUILD/_commonCode_localized/adc/0.20/adc.o
 .data          0x00800060        0x0 _BUILD/_commonCode_localized/timerCommon/1.21/timerCommon.o
 .data          0x00800060        0x0 _BUILD/_commonCode_localized/sineTable/0.99/sineTable.o
 .data          0x00800060       0x5a _BUILD/main.o
                0x00800060                p_selectedSprite
 .data          0x008000ba        0x0 /usr/local/lib/gcc/avr/4.4.5/avr25/libgcc.a(_mulhi3.o)
 .data          0x008000ba        0x0 /usr/local/lib/gcc/avr/4.4.5/avr25/libgcc.a(_udivmodqi4.o)
 .data          0x008000ba        0x0 /usr/local/lib/gcc/avr/4.4.5/avr25/libgcc.a(_udivmodhi4.o)
 .data          0x008000ba        0x0 /usr/local/lib/gcc/avr/4.4.5/avr25/libgcc.a(_divmodhi4.o)
 .data          0x008000ba        0x0 /usr/local/lib/gcc/avr/4.4.5/avr25/libgcc.a(_exit.o)
 .data          0x008000ba        0x0 /usr/local/lib/gcc/avr/4.4.5/avr25/libgcc.a(_copy_data.o)
 .data          0x008000ba        0x0 /usr/local/lib/gcc/avr/4.4.5/avr25/libgcc.a(_clear_bss.o)
 *(.data*)
 *(.rodata)
 *(.rodata*)
 *(.gnu.linkonce.d*)
                0x008000ba                . = ALIGN (0x2)
                0x008000ba                _edata = .
                0x008000ba                PROVIDE (__data_end, .)

.bss            0x008000ba      0x112
                0x008000ba                PROVIDE (__bss_start, .)
 *(.bss)
 .bss           0x008000ba        0x0 /usr/local/lib/gcc/avr/4.4.5/../../../../avr/lib/avr25/crttn861.o
 .bss           0x008000ba        0x0 _BUILD/_commonCode_localized/hfModulation/1.00/hfModulation.o
 .bss           0x008000ba        0x0 _BUILD/_commonCode_localized/adc/0.20/adc.o
 .bss           0x008000ba        0x0 _BUILD/_commonCode_localized/timerCommon/1.21/timerCommon.o
 .bss           0x008000ba        0x0 _BUILD/_commonCode_localized/sineTable/0.99/sineTable.o
 .bss           0x008000ba       0x12 _BUILD/main.o
                0x008000ba                skyOverrideSprite
                0x008000bc                callCount
                0x008000bd                qCount
                0x008000be                p_nextSprite
                0x008000c0                dataEnable
                0x008000c1                vSync
                0x008000c2                hsyncCount
                0x008000c4                frameCount
 .bss           0x008000cc        0x0 /usr/local/lib/gcc/avr/4.4.5/avr25/libgcc.a(_mulhi3.o)
 .bss           0x008000cc        0x0 /usr/local/lib/gcc/avr/4.4.5/avr25/libgcc.a(_udivmodqi4.o)
 .bss           0x008000cc        0x0 /usr/local/lib/gcc/avr/4.4.5/avr25/libgcc.a(_udivmodhi4.o)
 .bss           0x008000cc        0x0 /usr/local/lib/gcc/avr/4.4.5/avr25/libgcc.a(_divmodhi4.o)
 .bss           0x008000cc        0x0 /usr/local/lib/gcc/avr/4.4.5/avr25/libgcc.a(_exit.o)
 .bss           0x008000cc        0x0 /usr/local/lib/gcc/avr/4.4.5/avr25/libgcc.a(_copy_data.o)
 .bss           0x008000cc        0x0 /usr/local/lib/gcc/avr/4.4.5/avr25/libgcc.a(_clear_bss.o)
 *(.bss*)
 *(COMMON)
 COMMON         0x008000cc      0x100 _BUILD/main.o
                0x008000cc                frameBuffer
                0x008001cc                PROVIDE (__bss_end, .)
                0x00001d9a                __data_load_start = LOADADDR (.data)
                0x00001df4                __data_load_end = (__data_load_start + SIZEOF (.data))

.noinit         0x008001cc        0x0
                0x008001cc                PROVIDE (__noinit_start, .)
 *(.noinit*)
                0x008001cc                PROVIDE (__noinit_end, .)
                0x008001cc                _end = .
                0x008001cc                PROVIDE (__heap_start, .)

.eeprom         0x00810000        0x0
 *(.eeprom*)
                0x00810000                __eeprom_end = .

.stab           0x00000000     0x4308
 *(.stab)
 .stab          0x00000000      0x6cc /usr/local/lib/gcc/avr/4.4.5/../../../../avr/lib/avr25/crttn861.o
 .stab          0x000006cc      0x420 _BUILD/_commonCode_localized/hfModulation/1.00/hfModulation.o
                                0x42c (size before relaxing)
 .stab          0x00000aec      0x4c8 _BUILD/_commonCode_localized/adc/0.20/adc.o
                                0x630 (size before relaxing)
 .stab          0x00000fb4      0x4bc _BUILD/_commonCode_localized/timerCommon/1.21/timerCommon.o
                                0x678 (size before relaxing)
 .stab          0x00001470      0x498 _BUILD/_commonCode_localized/sineTable/0.99/sineTable.o
                                0x648 (size before relaxing)
 .stab          0x00001908     0x2a00 _BUILD/main.o
                               0x2c7c (size before relaxing)

.stabstr        0x00000000     0x1b86
 *(.stabstr)
 .stabstr       0x00000000     0x1b86 /usr/local/lib/gcc/avr/4.4.5/../../../../avr/lib/avr25/crttn861.o

.stab.excl
 *(.stab.excl)

.stab.exclstr
 *(.stab.exclstr)

.stab.index
 *(.stab.index)

.stab.indexstr
 *(.stab.indexstr)

.comment
 *(.comment)

.debug
 *(.debug)

.line
 *(.line)

.debug_srcinfo
 *(.debug_srcinfo)

.debug_sfnames
 *(.debug_sfnames)

.debug_aranges
 *(.debug_aranges)

.debug_pubnames
 *(.debug_pubnames)

.debug_info
 *(.debug_info)
 *(.gnu.linkonce.wi.*)

.debug_abbrev
 *(.debug_abbrev)

.debug_line
 *(.debug_line)

.debug_frame
 *(.debug_frame)

.debug_str
 *(.debug_str)

.debug_loc
 *(.debug_loc)

.debug_macinfo
 *(.debug_macinfo)
OUTPUT(_BUILD/LCDdirectLVDS.elf elf32-avr)
LOAD linker stubs

Cross Reference Table

Symbol                                            File
__bad_interrupt                                   /usr/local/lib/gcc/avr/4.4.5/../../../../avr/lib/avr25/crttn861.o
__bss_end                                         /usr/local/lib/gcc/avr/4.4.5/avr25/libgcc.a(_clear_bss.o)
__bss_start                                       /usr/local/lib/gcc/avr/4.4.5/avr25/libgcc.a(_clear_bss.o)
__data_end                                        /usr/local/lib/gcc/avr/4.4.5/avr25/libgcc.a(_copy_data.o)
__data_load_start                                 /usr/local/lib/gcc/avr/4.4.5/avr25/libgcc.a(_copy_data.o)
__data_start                                      /usr/local/lib/gcc/avr/4.4.5/avr25/libgcc.a(_copy_data.o)
__divmodhi4                                       /usr/local/lib/gcc/avr/4.4.5/avr25/libgcc.a(_divmodhi4.o)
                                                  _BUILD/main.o
                                                  _BUILD/_commonCode_localized/sineTable/0.99/sineTable.o
__do_clear_bss                                    /usr/local/lib/gcc/avr/4.4.5/avr25/libgcc.a(_clear_bss.o)
                                                  _BUILD/main.o
                                                  _BUILD/_commonCode_localized/sineTable/0.99/sineTable.o
                                                  _BUILD/_commonCode_localized/timerCommon/1.21/timerCommon.o
                                                  _BUILD/_commonCode_localized/adc/0.20/adc.o
                                                  _BUILD/_commonCode_localized/hfModulation/1.00/hfModulation.o
__do_copy_data                                    /usr/local/lib/gcc/avr/4.4.5/avr25/libgcc.a(_copy_data.o)
                                                  _BUILD/main.o
                                                  _BUILD/_commonCode_localized/sineTable/0.99/sineTable.o
                                                  _BUILD/_commonCode_localized/timerCommon/1.21/timerCommon.o
                                                  _BUILD/_commonCode_localized/adc/0.20/adc.o
                                                  _BUILD/_commonCode_localized/hfModulation/1.00/hfModulation.o
__heap_end                                        /usr/local/lib/gcc/avr/4.4.5/../../../../avr/lib/avr25/crttn861.o
__init                                            /usr/local/lib/gcc/avr/4.4.5/../../../../avr/lib/avr25/crttn861.o
__mulhi3                                          /usr/local/lib/gcc/avr/4.4.5/avr25/libgcc.a(_mulhi3.o)
                                                  _BUILD/main.o
__stack                                           /usr/local/lib/gcc/avr/4.4.5/../../../../avr/lib/avr25/crttn861.o
__udivmodhi4                                      /usr/local/lib/gcc/avr/4.4.5/avr25/libgcc.a(_udivmodhi4.o)
                                                  /usr/local/lib/gcc/avr/4.4.5/avr25/libgcc.a(_divmodhi4.o)
                                                  _BUILD/main.o
__udivmodqi4                                      /usr/local/lib/gcc/avr/4.4.5/avr25/libgcc.a(_udivmodqi4.o)
                                                  _BUILD/main.o
__vector_1                                        /usr/local/lib/gcc/avr/4.4.5/../../../../avr/lib/avr25/crttn861.o
__vector_10                                       /usr/local/lib/gcc/avr/4.4.5/../../../../avr/lib/avr25/crttn861.o
__vector_11                                       /usr/local/lib/gcc/avr/4.4.5/../../../../avr/lib/avr25/crttn861.o
__vector_12                                       /usr/local/lib/gcc/avr/4.4.5/../../../../avr/lib/avr25/crttn861.o
__vector_13                                       /usr/local/lib/gcc/avr/4.4.5/../../../../avr/lib/avr25/crttn861.o
__vector_14                                       _BUILD/main.o
                                                  /usr/local/lib/gcc/avr/4.4.5/../../../../avr/lib/avr25/crttn861.o
__vector_15                                       /usr/local/lib/gcc/avr/4.4.5/../../../../avr/lib/avr25/crttn861.o
__vector_16                                       /usr/local/lib/gcc/avr/4.4.5/../../../../avr/lib/avr25/crttn861.o
__vector_17                                       /usr/local/lib/gcc/avr/4.4.5/../../../../avr/lib/avr25/crttn861.o
__vector_18                                       /usr/local/lib/gcc/avr/4.4.5/../../../../avr/lib/avr25/crttn861.o
__vector_2                                        /usr/local/lib/gcc/avr/4.4.5/../../../../avr/lib/avr25/crttn861.o
__vector_3                                        /usr/local/lib/gcc/avr/4.4.5/../../../../avr/lib/avr25/crttn861.o
__vector_4                                        /usr/local/lib/gcc/avr/4.4.5/../../../../avr/lib/avr25/crttn861.o
__vector_5                                        /usr/local/lib/gcc/avr/4.4.5/../../../../avr/lib/avr25/crttn861.o
__vector_6                                        /usr/local/lib/gcc/avr/4.4.5/../../../../avr/lib/avr25/crttn861.o
__vector_7                                        /usr/local/lib/gcc/avr/4.4.5/../../../../avr/lib/avr25/crttn861.o
__vector_8                                        /usr/local/lib/gcc/avr/4.4.5/../../../../avr/lib/avr25/crttn861.o
__vector_9                                        /usr/local/lib/gcc/avr/4.4.5/../../../../avr/lib/avr25/crttn861.o
__vector_default                                  /usr/local/lib/gcc/avr/4.4.5/../../../../avr/lib/avr25/crttn861.o
__vectors                                         /usr/local/lib/gcc/avr/4.4.5/../../../../avr/lib/avr25/crttn861.o
_div                                              /usr/local/lib/gcc/avr/4.4.5/avr25/libgcc.a(_divmodhi4.o)
_exit                                             /usr/local/lib/gcc/avr/4.4.5/avr25/libgcc.a(_exit.o)
adc_getValue                                      _BUILD/_commonCode_localized/adc/0.20/adc.o
                                                  _BUILD/main.o
adc_init                                          _BUILD/_commonCode_localized/adc/0.20/adc.o
                                                  _BUILD/main.o
adc_isBusy                                        _BUILD/_commonCode_localized/adc/0.20/adc.o
                                                  _BUILD/main.o
adc_select                                        _BUILD/_commonCode_localized/adc/0.20/adc.o
                                                  _BUILD/main.o
adc_setPrescaler                                  _BUILD/_commonCode_localized/adc/0.20/adc.o
adc_startConversion                               _BUILD/_commonCode_localized/adc/0.20/adc.o
                                                  _BUILD/main.o
adc_takeInput                                     _BUILD/_commonCode_localized/adc/0.20/adc.o
                                                  _BUILD/main.o
callCount                                         _BUILD/main.o
characters                                        _BUILD/main.o
dataEnable                                        _BUILD/main.o
drawSpriteRow                                     _BUILD/main.o
exit                                              /usr/local/lib/gcc/avr/4.4.5/avr25/libgcc.a(_exit.o)
                                                  /usr/local/lib/gcc/avr/4.4.5/../../../../avr/lib/avr25/crttn861.o
fbQuestion_hitDetected                            _BUILD/main.o
fbQuestion_update                                 _BUILD/main.o
frameBuffer                                       _BUILD/main.o
frameBufferInit                                   _BUILD/main.o
frameCount                                        _BUILD/main.o
getGimpColorVal                                   _BUILD/main.o
getRawPixelVal                                    _BUILD/main.o
getRawPixelValCOIN                                _BUILD/main.o
getSpritePalette                                  _BUILD/main.o
getSpritePhase                                    _BUILD/main.o
header                                            _BUILD/main.o
hfm_nextOutput                                    _BUILD/_commonCode_localized/hfModulation/1.00/hfModulation.o
hfm_setPower                                      _BUILD/_commonCode_localized/hfModulation/1.00/hfModulation.o
hfm_setup                                         _BUILD/_commonCode_localized/hfModulation/1.00/hfModulation.o
hsyncCount                                        _BUILD/main.o
init_timer0Hsync                                  _BUILD/main.o
lcd_Init                                          _BUILD/main.o
lvds_timerInit                                    _BUILD/main.o
main                                              _BUILD/main.o
                                                  /usr/local/lib/gcc/avr/4.4.5/../../../../avr/lib/avr25/crttn861.o
nonRSB_drawPix                                    _BUILD/main.o
p_nextSprite                                      _BUILD/main.o
p_selectedSprite                                  _BUILD/main.o
pll_enable                                        _BUILD/main.o
qCount                                            _BUILD/main.o
quadrantizeTheta                                  _BUILD/_commonCode_localized/sineTable/0.99/sineTable.o
rawPixValToGimpColorVal                           _BUILD/main.o
setColor                                          _BUILD/main.o
setSpriteSkyColorOverride                         _BUILD/main.o
sineRaw                                           _BUILD/_commonCode_localized/sineTable/0.99/sineTable.o
sineRaw8                                          _BUILD/_commonCode_localized/sineTable/0.99/sineTable.o
sineTable                                         _BUILD/_commonCode_localized/sineTable/0.99/sineTable.o
skyOverrideSprite                                 _BUILD/main.o
timer_compareMatchIntSetup                        _BUILD/_commonCode_localized/timerCommon/1.21/timerCommon.o
                                                  _BUILD/main.o
timer_init                                        _BUILD/_commonCode_localized/timerCommon/1.21/timerCommon.o
timer_selectDivisor                               _BUILD/_commonCode_localized/timerCommon/1.21/timerCommon.o
                                                  _BUILD/main.o
timer_setWGM                                      _BUILD/_commonCode_localized/timerCommon/1.21/timerCommon.o
                                                  _BUILD/main.o
updateLCD                                         _BUILD/main.o
vSync                                             _BUILD/main.o
