Archive member included because of file (symbol)

/opt/local/lib/gcc/avr/4.8.2/avr5/libgcc.a(_udivmodqi4.o)
                              _BUILD/main.o (__udivmodqi4)
/opt/local/lib/gcc/avr/4.8.2/avr5/libgcc.a(_udivmodhi4.o)
                              _BUILD/_commonCode_localized/heartbeat/1.30/heartbeat.o (__udivmodhi4)
/opt/local/lib/gcc/avr/4.8.2/avr5/libgcc.a(_divmodhi4.o)
                              _BUILD/_commonCode_localized/heartbeat/1.30/heartbeat.o (__divmodhi4)
/opt/local/lib/gcc/avr/4.8.2/avr5/libgcc.a(_exit.o)
                              /opt/local/lib/gcc/avr/4.8.2/../../../../avr/lib/avr5/crt90pwm161.o (exit)
/opt/local/lib/gcc/avr/4.8.2/avr5/libgcc.a(_tablejump.o)
                              _BUILD/main.o (__tablejump2__)
/opt/local/lib/gcc/avr/4.8.2/avr5/libgcc.a(_copy_data.o)
                              _BUILD/_commonCode_localized/heartbeat/1.30/heartbeat.o (__do_copy_data)
/opt/local/lib/gcc/avr/4.8.2/avr5/libgcc.a(_clear_bss.o)
                              _BUILD/_commonCode_localized/heartbeat/1.30/heartbeat.o (__do_clear_bss)

Allocating common symbols
Common symbol       size              file

heartModulator      0x4               _BUILD/_commonCode_localized/heartbeat/1.30/heartbeat.o
frameBuffer         0x100             _BUILD/main.o

Memory Configuration

Name             Origin             Length             Attributes
text             0x00000000         0x00020000         xr
data             0x00800060         0x0000ffa0         rw !x
eeprom           0x00810000         0x00010000         rw !x
fuse             0x00820000         0x00000400         rw !x
lock             0x00830000         0x00000400         rw !x
signature        0x00840000         0x00000400         rw !x
*default*        0x00000000         0xffffffff

Linker script and memory map

Address of section .data set to 0x800100
LOAD /opt/local/lib/gcc/avr/4.8.2/../../../../avr/lib/avr5/crt90pwm161.o
LOAD _BUILD/_commonCode_localized/hfModulation/1.00/hfModulation.o
LOAD _BUILD/_commonCode_localized/adc/0.20/adc.o
LOAD _BUILD/_commonCode_localized/timerCommon/1.22/timerCommon.o
LOAD _BUILD/_commonCode_localized/heartbeat/1.30/heartbeat.o
LOAD _BUILD/_commonCode_localized/sineTable/0.99/sineTable.o
LOAD _BUILD/main.o
START GROUP
LOAD /opt/local/lib/gcc/avr/4.8.2/avr5/libgcc.a
LOAD /opt/local/lib/gcc/avr/4.8.2/../../../../avr/lib/avr5/libm.a
LOAD /opt/local/lib/gcc/avr/4.8.2/../../../../avr/lib/avr5/libc.a
END GROUP

.hash
 *(.hash)

.dynsym
 *(.dynsym)

.dynstr
 *(.dynstr)

.gnu.version
 *(.gnu.version)

.gnu.version_d
 *(.gnu.version_d)

.gnu.version_r
 *(.gnu.version_r)

.rel.init
 *(.rel.init)

.rela.init
 *(.rela.init)

.rel.text
 *(.rel.text)
 *(.rel.text.*)
 *(.rel.gnu.linkonce.t*)

.rela.text
 *(.rela.text)
 *(.rela.text.*)
 *(.rela.gnu.linkonce.t*)

.rel.fini
 *(.rel.fini)

.rela.fini
 *(.rela.fini)

.rel.rodata
 *(.rel.rodata)
 *(.rel.rodata.*)
 *(.rel.gnu.linkonce.r*)

.rela.rodata
 *(.rela.rodata)
 *(.rela.rodata.*)
 *(.rela.gnu.linkonce.r*)

.rel.data
 *(.rel.data)
 *(.rel.data.*)
 *(.rel.gnu.linkonce.d*)

.rela.data
 *(.rela.data)
 *(.rela.data.*)
 *(.rela.gnu.linkonce.d*)

.rel.ctors
 *(.rel.ctors)

.rela.ctors
 *(.rela.ctors)

.rel.dtors
 *(.rel.dtors)

.rela.dtors
 *(.rela.dtors)

.rel.got
 *(.rel.got)

.rela.got
 *(.rela.got)

.rel.bss
 *(.rel.bss)

.rela.bss
 *(.rela.bss)

.rel.plt
 *(.rel.plt)

.rela.plt
 *(.rela.plt)

.text           0x00000000     0x1c16
 *(.vectors)
 .vectors       0x00000000       0x50 /opt/local/lib/gcc/avr/4.8.2/../../../../avr/lib/avr5/crt90pwm161.o
                0x00000000                __vectors
                0x00000000                __vector_default
 *(.vectors)
 *(.progmem.gcc*)
 .progmem.gcc_sw_table
                0x00000050       0x38 _BUILD/main.o
                0x00000088                . = ALIGN (0x2)
                0x00000088                __trampolines_start = .
 *(.trampolines)
 .trampolines   0x00000088        0x0 linker stubs
 *(.trampolines*)
                0x00000088                __trampolines_end = .
 *(.progmem*)
 .progmem.data  0x00000088      0x102 _BUILD/_commonCode_localized/sineTable/0.99/sineTable.o
                0x00000088                sineTable
 .progmem.data  0x0000018a      0x634 _BUILD/main.o
                0x0000049a                characters
                0x0000079a                header
                0x000007be                . = ALIGN (0x2)
 *(.jumptables)
 *(.jumptables*)
 *(.lowtext)
 *(.lowtext*)
                0x000007be                __ctors_start = .
 *(.ctors)
                0x000007be                __ctors_end = .
                0x000007be                __dtors_start = .
 *(.dtors)
                0x000007be                __dtors_end = .
 SORT(*)(.ctors)
 SORT(*)(.dtors)
 *(.init0)
 .init0         0x000007be        0x0 /opt/local/lib/gcc/avr/4.8.2/../../../../avr/lib/avr5/crt90pwm161.o
                0x000007be                __init
 *(.init0)
 *(.init1)
 *(.init1)
 *(.init2)
 .init2         0x000007be        0xc /opt/local/lib/gcc/avr/4.8.2/../../../../avr/lib/avr5/crt90pwm161.o
 *(.init2)
 *(.init3)
 *(.init3)
 *(.init4)
 .init4         0x000007ca       0x16 /opt/local/lib/gcc/avr/4.8.2/avr5/libgcc.a(_copy_data.o)
                0x000007ca                __do_copy_data
 .init4         0x000007e0       0x10 /opt/local/lib/gcc/avr/4.8.2/avr5/libgcc.a(_clear_bss.o)
                0x000007e0                __do_clear_bss
 *(.init4)
 *(.init5)
 *(.init5)
 *(.init6)
 *(.init6)
 *(.init7)
 *(.init7)
 *(.init8)
 *(.init8)
 *(.init9)
 .init9         0x000007f0        0x8 /opt/local/lib/gcc/avr/4.8.2/../../../../avr/lib/avr5/crt90pwm161.o
 *(.init9)
 *(.text)
 .text          0x000007f8        0x4 /opt/local/lib/gcc/avr/4.8.2/../../../../avr/lib/avr5/crt90pwm161.o
                0x000007f8                __vector_18
                0x000007f8                __vector_12
                0x000007f8                __bad_interrupt
                0x000007f8                __vector_6
                0x000007f8                __vector_3
                0x000007f8                __vector_13
                0x000007f8                __vector_17
                0x000007f8                __vector_19
                0x000007f8                __vector_7
                0x000007f8                __vector_5
                0x000007f8                __vector_4
                0x000007f8                __vector_9
                0x000007f8                __vector_2
                0x000007f8                __vector_15
                0x000007f8                __vector_8
                0x000007f8                __vector_14
                0x000007f8                __vector_10
                0x000007f8                __vector_16
                0x000007f8                __vector_1
 .text          0x000007fc       0x4e _BUILD/_commonCode_localized/hfModulation/1.00/hfModulation.o
                0x000007fc                hfm_setPower
                0x0000080e                hfm_setup
                0x0000081a                hfm_nextOutput
 .text          0x0000084a       0x7e _BUILD/_commonCode_localized/adc/0.20/adc.o
                0x0000084a                adc_select
                0x00000856                adc_getValue
                0x0000085c                adc_isBusy
                0x00000866                adc_startConversion
                0x00000876                adc_setPrescaler
                0x00000882                adc_init
                0x000008aa                adc_takeInput
 .text          0x000008c8       0x98 _BUILD/_commonCode_localized/timerCommon/1.22/timerCommon.o
                0x000008c8                timer_selectDivisor
                0x000008e4                timer_setWGM
                0x0000090e                timer_init
                0x0000093c                timer_compareMatchIntSetup
 .text          0x00000960      0x242 _BUILD/_commonCode_localized/heartbeat/1.30/heartbeat.o
                0x00000960                setHeartRate
                0x0000097c                getHeartRate
                0x00000990                heartClear
                0x0000099a                init_heartBeat
                0x000009b8                set_heartBlink
                0x000009be                blinkHeart
                0x00000aa2                heartUpdate
                0x00000b88                heartupdate
                0x00000b8c                heartPinInputPoll
 .text          0x00000ba2       0x88 _BUILD/_commonCode_localized/sineTable/0.99/sineTable.o
                0x00000ba2                quadrantizeTheta
                0x00000bd6                sineRaw
                0x00000c04                sineRaw8
 .text          0x00000c2a      0xe86 _BUILD/main.o
                0x00000c2a                pll_enable
                0x00000c5a                lvds_timerInit
                0x00000ce2                setColor
                0x00000d20                frameBufferInit
                0x00000d22                nonRSB_drawPix
                0x00001366                setSpriteSkyColorOverride
                0x00001370                getRawPixelVal
                0x000013a2                rawPixValToGimpColorVal
                0x000013c0                getGimpColorVal
                0x00001408                getRawPixelValCOIN
                0x00001452                fbQuestion_hitDetected
                0x0000150a                getSpritePalette
                0x0000156e                getSpritePhase
                0x000015c2                drawSpriteRow
                0x000016f4                fbQuestion_update
                0x000018bc                lcd_Init
                0x000018d6                updateLCD
                0x00001a34                __vector_11
                0x00001a8a                init_hsyncTimer
 .text          0x00001ab0        0x0 /opt/local/lib/gcc/avr/4.8.2/avr5/libgcc.a(_udivmodqi4.o)
 .text          0x00001ab0        0x0 /opt/local/lib/gcc/avr/4.8.2/avr5/libgcc.a(_udivmodhi4.o)
 .text          0x00001ab0        0x0 /opt/local/lib/gcc/avr/4.8.2/avr5/libgcc.a(_divmodhi4.o)
 .text          0x00001ab0        0x0 /opt/local/lib/gcc/avr/4.8.2/avr5/libgcc.a(_exit.o)
 .text          0x00001ab0        0x0 /opt/local/lib/gcc/avr/4.8.2/avr5/libgcc.a(_tablejump.o)
 .text          0x00001ab0        0x0 /opt/local/lib/gcc/avr/4.8.2/avr5/libgcc.a(_copy_data.o)
 .text          0x00001ab0        0x0 /opt/local/lib/gcc/avr/4.8.2/avr5/libgcc.a(_clear_bss.o)
                0x00001ab0                . = ALIGN (0x2)
 *(.text.*)
 .text.startup  0x00001ab0       0xee _BUILD/main.o
                0x00001ab0                main
 .text.libgcc.mul
                0x00001b9e        0x0 /opt/local/lib/gcc/avr/4.8.2/avr5/libgcc.a(_udivmodqi4.o)
 .text.libgcc.div
                0x00001b9e       0x18 /opt/local/lib/gcc/avr/4.8.2/avr5/libgcc.a(_udivmodqi4.o)
                0x00001b9e                __udivmodqi4
 .text.libgcc   0x00001bb6        0x0 /opt/local/lib/gcc/avr/4.8.2/avr5/libgcc.a(_udivmodqi4.o)
 .text.libgcc.prologue
                0x00001bb6        0x0 /opt/local/lib/gcc/avr/4.8.2/avr5/libgcc.a(_udivmodqi4.o)
 .text.libgcc.builtins
                0x00001bb6        0x0 /opt/local/lib/gcc/avr/4.8.2/avr5/libgcc.a(_udivmodqi4.o)
 .text.libgcc.fmul
                0x00001bb6        0x0 /opt/local/lib/gcc/avr/4.8.2/avr5/libgcc.a(_udivmodqi4.o)
 .text.libgcc.fixed
                0x00001bb6        0x0 /opt/local/lib/gcc/avr/4.8.2/avr5/libgcc.a(_udivmodqi4.o)
 .text.libgcc.mul
                0x00001bb6        0x0 /opt/local/lib/gcc/avr/4.8.2/avr5/libgcc.a(_udivmodhi4.o)
 .text.libgcc.div
                0x00001bb6       0x28 /opt/local/lib/gcc/avr/4.8.2/avr5/libgcc.a(_udivmodhi4.o)
                0x00001bb6                __udivmodhi4
 .text.libgcc   0x00001bde        0x0 /opt/local/lib/gcc/avr/4.8.2/avr5/libgcc.a(_udivmodhi4.o)
 .text.libgcc.prologue
                0x00001bde        0x0 /opt/local/lib/gcc/avr/4.8.2/avr5/libgcc.a(_udivmodhi4.o)
 .text.libgcc.builtins
                0x00001bde        0x0 /opt/local/lib/gcc/avr/4.8.2/avr5/libgcc.a(_udivmodhi4.o)
 .text.libgcc.fmul
                0x00001bde        0x0 /opt/local/lib/gcc/avr/4.8.2/avr5/libgcc.a(_udivmodhi4.o)
 .text.libgcc.fixed
                0x00001bde        0x0 /opt/local/lib/gcc/avr/4.8.2/avr5/libgcc.a(_udivmodhi4.o)
 .text.libgcc.mul
                0x00001bde        0x0 /opt/local/lib/gcc/avr/4.8.2/avr5/libgcc.a(_divmodhi4.o)
 .text.libgcc.div
                0x00001bde       0x28 /opt/local/lib/gcc/avr/4.8.2/avr5/libgcc.a(_divmodhi4.o)
                0x00001bde                __divmodhi4
                0x00001bde                _div
 .text.libgcc   0x00001c06        0x0 /opt/local/lib/gcc/avr/4.8.2/avr5/libgcc.a(_divmodhi4.o)
 .text.libgcc.prologue
                0x00001c06        0x0 /opt/local/lib/gcc/avr/4.8.2/avr5/libgcc.a(_divmodhi4.o)
 .text.libgcc.builtins
                0x00001c06        0x0 /opt/local/lib/gcc/avr/4.8.2/avr5/libgcc.a(_divmodhi4.o)
 .text.libgcc.fmul
                0x00001c06        0x0 /opt/local/lib/gcc/avr/4.8.2/avr5/libgcc.a(_divmodhi4.o)
 .text.libgcc.fixed
                0x00001c06        0x0 /opt/local/lib/gcc/avr/4.8.2/avr5/libgcc.a(_divmodhi4.o)
 .text.libgcc.mul
                0x00001c06        0x0 /opt/local/lib/gcc/avr/4.8.2/avr5/libgcc.a(_exit.o)
 .text.libgcc.div
                0x00001c06        0x0 /opt/local/lib/gcc/avr/4.8.2/avr5/libgcc.a(_exit.o)
 .text.libgcc   0x00001c06        0x0 /opt/local/lib/gcc/avr/4.8.2/avr5/libgcc.a(_exit.o)
 .text.libgcc.prologue
                0x00001c06        0x0 /opt/local/lib/gcc/avr/4.8.2/avr5/libgcc.a(_exit.o)
 .text.libgcc.builtins
                0x00001c06        0x0 /opt/local/lib/gcc/avr/4.8.2/avr5/libgcc.a(_exit.o)
 .text.libgcc.fmul
                0x00001c06        0x0 /opt/local/lib/gcc/avr/4.8.2/avr5/libgcc.a(_exit.o)
 .text.libgcc.fixed
                0x00001c06        0x0 /opt/local/lib/gcc/avr/4.8.2/avr5/libgcc.a(_exit.o)
 .text.libgcc.mul
                0x00001c06        0x0 /opt/local/lib/gcc/avr/4.8.2/avr5/libgcc.a(_tablejump.o)
 .text.libgcc.div
                0x00001c06        0x0 /opt/local/lib/gcc/avr/4.8.2/avr5/libgcc.a(_tablejump.o)
 .text.libgcc   0x00001c06        0xc /opt/local/lib/gcc/avr/4.8.2/avr5/libgcc.a(_tablejump.o)
                0x00001c06                __tablejump2__
                0x00001c0a                __tablejump__
 .text.libgcc.prologue
                0x00001c12        0x0 /opt/local/lib/gcc/avr/4.8.2/avr5/libgcc.a(_tablejump.o)
 .text.libgcc.builtins
                0x00001c12        0x0 /opt/local/lib/gcc/avr/4.8.2/avr5/libgcc.a(_tablejump.o)
 .text.libgcc.fmul
                0x00001c12        0x0 /opt/local/lib/gcc/avr/4.8.2/avr5/libgcc.a(_tablejump.o)
 .text.libgcc.fixed
                0x00001c12        0x0 /opt/local/lib/gcc/avr/4.8.2/avr5/libgcc.a(_tablejump.o)
 .text.libgcc.mul
                0x00001c12        0x0 /opt/local/lib/gcc/avr/4.8.2/avr5/libgcc.a(_copy_data.o)
 .text.libgcc.div
                0x00001c12        0x0 /opt/local/lib/gcc/avr/4.8.2/avr5/libgcc.a(_copy_data.o)
 .text.libgcc   0x00001c12        0x0 /opt/local/lib/gcc/avr/4.8.2/avr5/libgcc.a(_copy_data.o)
 .text.libgcc.prologue
                0x00001c12        0x0 /opt/local/lib/gcc/avr/4.8.2/avr5/libgcc.a(_copy_data.o)
 .text.libgcc.builtins
                0x00001c12        0x0 /opt/local/lib/gcc/avr/4.8.2/avr5/libgcc.a(_copy_data.o)
 .text.libgcc.fmul
                0x00001c12        0x0 /opt/local/lib/gcc/avr/4.8.2/avr5/libgcc.a(_copy_data.o)
 .text.libgcc.fixed
                0x00001c12        0x0 /opt/local/lib/gcc/avr/4.8.2/avr5/libgcc.a(_copy_data.o)
 .text.libgcc.mul
                0x00001c12        0x0 /opt/local/lib/gcc/avr/4.8.2/avr5/libgcc.a(_clear_bss.o)
 .text.libgcc.div
                0x00001c12        0x0 /opt/local/lib/gcc/avr/4.8.2/avr5/libgcc.a(_clear_bss.o)
 .text.libgcc   0x00001c12        0x0 /opt/local/lib/gcc/avr/4.8.2/avr5/libgcc.a(_clear_bss.o)
 .text.libgcc.prologue
                0x00001c12        0x0 /opt/local/lib/gcc/avr/4.8.2/avr5/libgcc.a(_clear_bss.o)
 .text.libgcc.builtins
                0x00001c12        0x0 /opt/local/lib/gcc/avr/4.8.2/avr5/libgcc.a(_clear_bss.o)
 .text.libgcc.fmul
                0x00001c12        0x0 /opt/local/lib/gcc/avr/4.8.2/avr5/libgcc.a(_clear_bss.o)
 .text.libgcc.fixed
                0x00001c12        0x0 /opt/local/lib/gcc/avr/4.8.2/avr5/libgcc.a(_clear_bss.o)
                0x00001c12                . = ALIGN (0x2)
 *(.fini9)
 .fini9         0x00001c12        0x0 /opt/local/lib/gcc/avr/4.8.2/avr5/libgcc.a(_exit.o)
                0x00001c12                exit
                0x00001c12                _exit
 *(.fini9)
 *(.fini8)
 *(.fini8)
 *(.fini7)
 *(.fini7)
 *(.fini6)
 *(.fini6)
 *(.fini5)
 *(.fini5)
 *(.fini4)
 *(.fini4)
 *(.fini3)
 *(.fini3)
 *(.fini2)
 *(.fini2)
 *(.fini1)
 *(.fini1)
 *(.fini0)
 .fini0         0x00001c12        0x4 /opt/local/lib/gcc/avr/4.8.2/avr5/libgcc.a(_exit.o)
 *(.fini0)
                0x00001c16                _etext = .

.data           0x00800100       0x52 load address 0x00001c16
                0x00800100                PROVIDE (__data_start, .)
 *(.data)
 .data          0x00800100        0x0 /opt/local/lib/gcc/avr/4.8.2/../../../../avr/lib/avr5/crt90pwm161.o
 .data          0x00800100        0x0 _BUILD/_commonCode_localized/hfModulation/1.00/hfModulation.o
 .data          0x00800100        0x0 _BUILD/_commonCode_localized/adc/0.20/adc.o
 .data          0x00800100        0x0 _BUILD/_commonCode_localized/timerCommon/1.22/timerCommon.o
 .data          0x00800100        0x3 _BUILD/_commonCode_localized/heartbeat/1.30/heartbeat.o
                0x00800101                heartStepTime
 .data          0x00800103        0x0 _BUILD/_commonCode_localized/sineTable/0.99/sineTable.o
 .data          0x00800103       0x42 _BUILD/main.o
                0x00800104                p_selectedSprite
 .data          0x00800145        0x0 /opt/local/lib/gcc/avr/4.8.2/avr5/libgcc.a(_udivmodqi4.o)
 .data          0x00800145        0x0 /opt/local/lib/gcc/avr/4.8.2/avr5/libgcc.a(_udivmodhi4.o)
 .data          0x00800145        0x0 /opt/local/lib/gcc/avr/4.8.2/avr5/libgcc.a(_divmodhi4.o)
 .data          0x00800145        0x0 /opt/local/lib/gcc/avr/4.8.2/avr5/libgcc.a(_exit.o)
 .data          0x00800145        0x0 /opt/local/lib/gcc/avr/4.8.2/avr5/libgcc.a(_tablejump.o)
 .data          0x00800145        0x0 /opt/local/lib/gcc/avr/4.8.2/avr5/libgcc.a(_copy_data.o)
 .data          0x00800145        0x0 /opt/local/lib/gcc/avr/4.8.2/avr5/libgcc.a(_clear_bss.o)
 *(.data*)
 *(.rodata)
 .rodata        0x00800145        0xc _BUILD/main.o
 *(.rodata*)
 *(.gnu.linkonce.d*)
                0x00800152                . = ALIGN (0x2)
 *fill*         0x00800151        0x1 
                0x00800152                _edata = .
                0x00800152                PROVIDE (__data_end, .)

.bss            0x00800152      0x125
                0x00800152                PROVIDE (__bss_start, .)
 *(.bss)
 .bss           0x00800152        0x0 /opt/local/lib/gcc/avr/4.8.2/../../../../avr/lib/avr5/crt90pwm161.o
 .bss           0x00800152        0x0 _BUILD/_commonCode_localized/hfModulation/1.00/hfModulation.o
 .bss           0x00800152        0x0 _BUILD/_commonCode_localized/adc/0.20/adc.o
 .bss           0x00800152        0x0 _BUILD/_commonCode_localized/timerCommon/1.22/timerCommon.o
 .bss           0x00800152        0xf _BUILD/_commonCode_localized/heartbeat/1.30/heartbeat.o
                0x00800152                heartBlink
 .bss           0x00800161        0x0 _BUILD/_commonCode_localized/sineTable/0.99/sineTable.o
 .bss           0x00800161       0x12 _BUILD/main.o
                0x00800161                frameCount
                0x00800162                hsyncCount
                0x00800164                vSync
                0x00800165                dataEnable
                0x00800166                p_nextSprite
                0x00800168                qCount
                0x00800169                callCount
                0x0080016a                skyOverrideSprite
 .bss           0x00800173        0x0 /opt/local/lib/gcc/avr/4.8.2/avr5/libgcc.a(_udivmodqi4.o)
 .bss           0x00800173        0x0 /opt/local/lib/gcc/avr/4.8.2/avr5/libgcc.a(_udivmodhi4.o)
 .bss           0x00800173        0x0 /opt/local/lib/gcc/avr/4.8.2/avr5/libgcc.a(_divmodhi4.o)
 .bss           0x00800173        0x0 /opt/local/lib/gcc/avr/4.8.2/avr5/libgcc.a(_exit.o)
 .bss           0x00800173        0x0 /opt/local/lib/gcc/avr/4.8.2/avr5/libgcc.a(_tablejump.o)
 .bss           0x00800173        0x0 /opt/local/lib/gcc/avr/4.8.2/avr5/libgcc.a(_copy_data.o)
 .bss           0x00800173        0x0 /opt/local/lib/gcc/avr/4.8.2/avr5/libgcc.a(_clear_bss.o)
 *(.bss*)
 *(COMMON)
 COMMON         0x00800173        0x4 _BUILD/_commonCode_localized/heartbeat/1.30/heartbeat.o
                0x00800173                heartModulator
 COMMON         0x00800177      0x100 _BUILD/main.o
                0x00800177                frameBuffer
                0x00800277                PROVIDE (__bss_end, .)
                0x00001c16                __data_load_start = LOADADDR (.data)
                0x00001c68                __data_load_end = (__data_load_start + SIZEOF (.data))

.noinit         0x00800277        0x0
                0x00800277                PROVIDE (__noinit_start, .)
 *(.noinit*)
                0x00800277                PROVIDE (__noinit_end, .)
                0x00800277                _end = .
                0x00800277                PROVIDE (__heap_start, .)

.eeprom         0x00810000        0x0
 *(.eeprom*)
                0x00810000                __eeprom_end = .

.fuse
 *(.fuse)
 *(.lfuse)
 *(.hfuse)
 *(.efuse)

.lock
 *(.lock*)

.signature
 *(.signature*)

.stab           0x00000000     0x54d8
 *(.stab)
 .stab          0x00000000      0x5c4 _BUILD/_commonCode_localized/hfModulation/1.00/hfModulation.o
 .stab          0x000005c4      0x60c _BUILD/_commonCode_localized/adc/0.20/adc.o
                                0x780 (size before relaxing)
 .stab          0x00000bd0      0x60c _BUILD/_commonCode_localized/timerCommon/1.22/timerCommon.o
                                0x7d4 (size before relaxing)
 .stab          0x000011dc      0x8b8 _BUILD/_commonCode_localized/heartbeat/1.30/heartbeat.o
                                0xa80 (size before relaxing)
 .stab          0x00001a94      0x654 _BUILD/_commonCode_localized/sineTable/0.99/sineTable.o
                                0x810 (size before relaxing)
 .stab          0x000020e8     0x2db4 _BUILD/main.o
                               0x3060 (size before relaxing)
 .stab          0x00004e9c       0xe4 /opt/local/lib/gcc/avr/4.8.2/avr5/libgcc.a(_udivmodqi4.o)
                                 0xf0 (size before relaxing)
 .stab          0x00004f80      0x15c /opt/local/lib/gcc/avr/4.8.2/avr5/libgcc.a(_udivmodhi4.o)
                                0x168 (size before relaxing)
 .stab          0x000050dc      0x138 /opt/local/lib/gcc/avr/4.8.2/avr5/libgcc.a(_divmodhi4.o)
                                0x144 (size before relaxing)
 .stab          0x00005214       0x6c /opt/local/lib/gcc/avr/4.8.2/avr5/libgcc.a(_exit.o)
                                 0x78 (size before relaxing)
 .stab          0x00005280       0xcc /opt/local/lib/gcc/avr/4.8.2/avr5/libgcc.a(_tablejump.o)
                                 0xd8 (size before relaxing)
 .stab          0x0000534c       0xd8 /opt/local/lib/gcc/avr/4.8.2/avr5/libgcc.a(_copy_data.o)
                                 0xe4 (size before relaxing)
 .stab          0x00005424       0xb4 /opt/local/lib/gcc/avr/4.8.2/avr5/libgcc.a(_clear_bss.o)
                                 0xc0 (size before relaxing)

.stabstr        0x00000000     0x21e1
 *(.stabstr)
 .stabstr       0x00000000     0x21e1 _BUILD/_commonCode_localized/hfModulation/1.00/hfModulation.o

.stab.excl
 *(.stab.excl)

.stab.exclstr
 *(.stab.exclstr)

.stab.index
 *(.stab.index)

.stab.indexstr
 *(.stab.indexstr)

.comment        0x00000000       0x11
 *(.comment)
 .comment       0x00000000       0x11 _BUILD/_commonCode_localized/hfModulation/1.00/hfModulation.o
                                 0x12 (size before relaxing)
 .comment       0x00000000       0x12 _BUILD/_commonCode_localized/adc/0.20/adc.o
 .comment       0x00000000       0x12 _BUILD/_commonCode_localized/timerCommon/1.22/timerCommon.o
 .comment       0x00000000       0x12 _BUILD/_commonCode_localized/heartbeat/1.30/heartbeat.o
 .comment       0x00000000       0x12 _BUILD/_commonCode_localized/sineTable/0.99/sineTable.o
 .comment       0x00000000       0x12 _BUILD/main.o

.note.gnu.build-id
 *(.note.gnu.build-id)

.debug
 *(.debug)

.line
 *(.line)

.debug_srcinfo
 *(.debug_srcinfo)

.debug_sfnames
 *(.debug_sfnames)

.debug_aranges
 *(.debug_aranges)

.debug_pubnames
 *(.debug_pubnames)

.debug_info     0x00000000      0x64e
 *(.debug_info .gnu.linkonce.wi.*)
 .debug_info    0x00000000      0x64e /opt/local/lib/gcc/avr/4.8.2/../../../../avr/lib/avr5/crt90pwm161.o

.debug_abbrev   0x00000000      0x5f7
 *(.debug_abbrev)
 .debug_abbrev  0x00000000      0x5f7 /opt/local/lib/gcc/avr/4.8.2/../../../../avr/lib/avr5/crt90pwm161.o

.debug_line     0x00000000       0x1d
 *(.debug_line .debug_line.* .debug_line_end)
 .debug_line    0x00000000       0x1d /opt/local/lib/gcc/avr/4.8.2/../../../../avr/lib/avr5/crt90pwm161.o

.debug_frame
 *(.debug_frame)

.debug_str      0x00000000      0x23d
 *(.debug_str)
 .debug_str     0x00000000      0x23d /opt/local/lib/gcc/avr/4.8.2/../../../../avr/lib/avr5/crt90pwm161.o

.debug_loc
 *(.debug_loc)

.debug_macinfo
 *(.debug_macinfo)

.debug_weaknames
 *(.debug_weaknames)

.debug_funcnames
 *(.debug_funcnames)

.debug_typenames
 *(.debug_typenames)

.debug_varnames
 *(.debug_varnames)

.debug_pubtypes
 *(.debug_pubtypes)

.debug_ranges
 *(.debug_ranges)

.debug_macro
 *(.debug_macro)
OUTPUT(_BUILD/LCDdirectLVDS.elf elf32-avr)
LOAD linker stubs

Cross Reference Table

Symbol                                            File
__bad_interrupt                                   /opt/local/lib/gcc/avr/4.8.2/../../../../avr/lib/avr5/crt90pwm161.o
__bss_end                                         /opt/local/lib/gcc/avr/4.8.2/avr5/libgcc.a(_clear_bss.o)
__bss_start                                       /opt/local/lib/gcc/avr/4.8.2/avr5/libgcc.a(_clear_bss.o)
__data_end                                        /opt/local/lib/gcc/avr/4.8.2/avr5/libgcc.a(_copy_data.o)
__data_load_start                                 /opt/local/lib/gcc/avr/4.8.2/avr5/libgcc.a(_copy_data.o)
__data_start                                      /opt/local/lib/gcc/avr/4.8.2/avr5/libgcc.a(_copy_data.o)
__divmodhi4                                       /opt/local/lib/gcc/avr/4.8.2/avr5/libgcc.a(_divmodhi4.o)
                                                  _BUILD/main.o
                                                  _BUILD/_commonCode_localized/sineTable/0.99/sineTable.o
                                                  _BUILD/_commonCode_localized/heartbeat/1.30/heartbeat.o
__do_clear_bss                                    /opt/local/lib/gcc/avr/4.8.2/avr5/libgcc.a(_clear_bss.o)
                                                  _BUILD/main.o
                                                  _BUILD/_commonCode_localized/heartbeat/1.30/heartbeat.o
__do_copy_data                                    /opt/local/lib/gcc/avr/4.8.2/avr5/libgcc.a(_copy_data.o)
                                                  _BUILD/main.o
                                                  _BUILD/_commonCode_localized/heartbeat/1.30/heartbeat.o
__heap_end                                        /opt/local/lib/gcc/avr/4.8.2/../../../../avr/lib/avr5/crt90pwm161.o
__init                                            /opt/local/lib/gcc/avr/4.8.2/../../../../avr/lib/avr5/crt90pwm161.o
__stack                                           /opt/local/lib/gcc/avr/4.8.2/../../../../avr/lib/avr5/crt90pwm161.o
__tablejump2__                                    /opt/local/lib/gcc/avr/4.8.2/avr5/libgcc.a(_tablejump.o)
                                                  _BUILD/main.o
__tablejump__                                     /opt/local/lib/gcc/avr/4.8.2/avr5/libgcc.a(_tablejump.o)
__udivmodhi4                                      /opt/local/lib/gcc/avr/4.8.2/avr5/libgcc.a(_udivmodhi4.o)
                                                  /opt/local/lib/gcc/avr/4.8.2/avr5/libgcc.a(_divmodhi4.o)
                                                  _BUILD/main.o
                                                  _BUILD/_commonCode_localized/heartbeat/1.30/heartbeat.o
__udivmodqi4                                      /opt/local/lib/gcc/avr/4.8.2/avr5/libgcc.a(_udivmodqi4.o)
                                                  _BUILD/main.o
__vector_1                                        /opt/local/lib/gcc/avr/4.8.2/../../../../avr/lib/avr5/crt90pwm161.o
__vector_10                                       /opt/local/lib/gcc/avr/4.8.2/../../../../avr/lib/avr5/crt90pwm161.o
__vector_11                                       _BUILD/main.o
                                                  /opt/local/lib/gcc/avr/4.8.2/../../../../avr/lib/avr5/crt90pwm161.o
__vector_12                                       /opt/local/lib/gcc/avr/4.8.2/../../../../avr/lib/avr5/crt90pwm161.o
__vector_13                                       /opt/local/lib/gcc/avr/4.8.2/../../../../avr/lib/avr5/crt90pwm161.o
__vector_14                                       /opt/local/lib/gcc/avr/4.8.2/../../../../avr/lib/avr5/crt90pwm161.o
__vector_15                                       /opt/local/lib/gcc/avr/4.8.2/../../../../avr/lib/avr5/crt90pwm161.o
__vector_16                                       /opt/local/lib/gcc/avr/4.8.2/../../../../avr/lib/avr5/crt90pwm161.o
__vector_17                                       /opt/local/lib/gcc/avr/4.8.2/../../../../avr/lib/avr5/crt90pwm161.o
__vector_18                                       /opt/local/lib/gcc/avr/4.8.2/../../../../avr/lib/avr5/crt90pwm161.o
__vector_19                                       /opt/local/lib/gcc/avr/4.8.2/../../../../avr/lib/avr5/crt90pwm161.o
__vector_2                                        /opt/local/lib/gcc/avr/4.8.2/../../../../avr/lib/avr5/crt90pwm161.o
__vector_3                                        /opt/local/lib/gcc/avr/4.8.2/../../../../avr/lib/avr5/crt90pwm161.o
__vector_4                                        /opt/local/lib/gcc/avr/4.8.2/../../../../avr/lib/avr5/crt90pwm161.o
__vector_5                                        /opt/local/lib/gcc/avr/4.8.2/../../../../avr/lib/avr5/crt90pwm161.o
__vector_6                                        /opt/local/lib/gcc/avr/4.8.2/../../../../avr/lib/avr5/crt90pwm161.o
__vector_7                                        /opt/local/lib/gcc/avr/4.8.2/../../../../avr/lib/avr5/crt90pwm161.o
__vector_8                                        /opt/local/lib/gcc/avr/4.8.2/../../../../avr/lib/avr5/crt90pwm161.o
__vector_9                                        /opt/local/lib/gcc/avr/4.8.2/../../../../avr/lib/avr5/crt90pwm161.o
__vector_default                                  /opt/local/lib/gcc/avr/4.8.2/../../../../avr/lib/avr5/crt90pwm161.o
__vectors                                         /opt/local/lib/gcc/avr/4.8.2/../../../../avr/lib/avr5/crt90pwm161.o
_div                                              /opt/local/lib/gcc/avr/4.8.2/avr5/libgcc.a(_divmodhi4.o)
_exit                                             /opt/local/lib/gcc/avr/4.8.2/avr5/libgcc.a(_exit.o)
adc_getValue                                      _BUILD/_commonCode_localized/adc/0.20/adc.o
                                                  _BUILD/main.o
adc_init                                          _BUILD/_commonCode_localized/adc/0.20/adc.o
                                                  _BUILD/main.o
adc_isBusy                                        _BUILD/_commonCode_localized/adc/0.20/adc.o
                                                  _BUILD/main.o
adc_select                                        _BUILD/_commonCode_localized/adc/0.20/adc.o
                                                  _BUILD/main.o
adc_setPrescaler                                  _BUILD/_commonCode_localized/adc/0.20/adc.o
adc_startConversion                               _BUILD/_commonCode_localized/adc/0.20/adc.o
                                                  _BUILD/main.o
adc_takeInput                                     _BUILD/_commonCode_localized/adc/0.20/adc.o
                                                  _BUILD/main.o
blinkHeart                                        _BUILD/_commonCode_localized/heartbeat/1.30/heartbeat.o
callCount                                         _BUILD/main.o
characters                                        _BUILD/main.o
dataEnable                                        _BUILD/main.o
drawSpriteRow                                     _BUILD/main.o
exit                                              /opt/local/lib/gcc/avr/4.8.2/avr5/libgcc.a(_exit.o)
                                                  /opt/local/lib/gcc/avr/4.8.2/../../../../avr/lib/avr5/crt90pwm161.o
fbQuestion_hitDetected                            _BUILD/main.o
fbQuestion_update                                 _BUILD/main.o
frameBuffer                                       _BUILD/main.o
frameBufferInit                                   _BUILD/main.o
frameCount                                        _BUILD/main.o
getGimpColorVal                                   _BUILD/main.o
getHeartRate                                      _BUILD/_commonCode_localized/heartbeat/1.30/heartbeat.o
getRawPixelVal                                    _BUILD/main.o
getRawPixelValCOIN                                _BUILD/main.o
getSpritePalette                                  _BUILD/main.o
getSpritePhase                                    _BUILD/main.o
header                                            _BUILD/main.o
heartBlink                                        _BUILD/_commonCode_localized/heartbeat/1.30/heartbeat.o
heartClear                                        _BUILD/_commonCode_localized/heartbeat/1.30/heartbeat.o
heartModulator                                    _BUILD/_commonCode_localized/heartbeat/1.30/heartbeat.o
heartPinInputPoll                                 _BUILD/_commonCode_localized/heartbeat/1.30/heartbeat.o
heartStepTime                                     _BUILD/_commonCode_localized/heartbeat/1.30/heartbeat.o
heartUpdate                                       _BUILD/_commonCode_localized/heartbeat/1.30/heartbeat.o
                                                  _BUILD/main.o
heartupdate                                       _BUILD/_commonCode_localized/heartbeat/1.30/heartbeat.o
hfm_nextOutput                                    _BUILD/_commonCode_localized/hfModulation/1.00/hfModulation.o
                                                  _BUILD/_commonCode_localized/heartbeat/1.30/heartbeat.o
hfm_setPower                                      _BUILD/_commonCode_localized/hfModulation/1.00/hfModulation.o
                                                  _BUILD/_commonCode_localized/heartbeat/1.30/heartbeat.o
hfm_setup                                         _BUILD/_commonCode_localized/hfModulation/1.00/hfModulation.o
                                                  _BUILD/_commonCode_localized/heartbeat/1.30/heartbeat.o
hsyncCount                                        _BUILD/main.o
init_heartBeat                                    _BUILD/_commonCode_localized/heartbeat/1.30/heartbeat.o
                                                  _BUILD/main.o
init_hsyncTimer                                   _BUILD/main.o
lcd_Init                                          _BUILD/main.o
lvds_timerInit                                    _BUILD/main.o
main                                              _BUILD/main.o
                                                  /opt/local/lib/gcc/avr/4.8.2/../../../../avr/lib/avr5/crt90pwm161.o
nonRSB_drawPix                                    _BUILD/main.o
p_nextSprite                                      _BUILD/main.o
p_selectedSprite                                  _BUILD/main.o
pll_enable                                        _BUILD/main.o
qCount                                            _BUILD/main.o
quadrantizeTheta                                  _BUILD/_commonCode_localized/sineTable/0.99/sineTable.o
rawPixValToGimpColorVal                           _BUILD/main.o
setColor                                          _BUILD/main.o
setHeartRate                                      _BUILD/_commonCode_localized/heartbeat/1.30/heartbeat.o
                                                  _BUILD/main.o
setSpriteSkyColorOverride                         _BUILD/main.o
set_heartBlink                                    _BUILD/_commonCode_localized/heartbeat/1.30/heartbeat.o
sineRaw                                           _BUILD/_commonCode_localized/sineTable/0.99/sineTable.o
sineRaw8                                          _BUILD/_commonCode_localized/sineTable/0.99/sineTable.o
sineTable                                         _BUILD/_commonCode_localized/sineTable/0.99/sineTable.o
skyOverrideSprite                                 _BUILD/main.o
timer_compareMatchIntSetup                        _BUILD/_commonCode_localized/timerCommon/1.22/timerCommon.o
                                                  _BUILD/main.o
timer_init                                        _BUILD/_commonCode_localized/timerCommon/1.22/timerCommon.o
timer_selectDivisor                               _BUILD/_commonCode_localized/timerCommon/1.22/timerCommon.o
                                                  _BUILD/main.o
timer_setWGM                                      _BUILD/_commonCode_localized/timerCommon/1.22/timerCommon.o
                                                  _BUILD/main.o
updateLCD                                         _BUILD/main.o
vSync                                             _BUILD/main.o
